GCCcore/13.3.0
zlib/1.3.1-GCCcore-13.3.0
binutils/2.42-GCCcore-13.3.0
GCC/13.3.0
ncurses/6.5-GCCcore-13.3.0
bzip2/1.0.8-GCCcore-13.3.0
XZ/5.4.5-GCCcore-13.3.0
OpenSSL/3
cURL/8.7.1-GCCcore-13.3.0
SAMtools/1.21-GCC-13.3.0
[bam_sort_core] merging from 0 files and 25 in-memory blocks...
[bam_sort_core] merging from 0 files and 25 in-memory blocks...
[bam_sort_core] merging from 0 files and 25 in-memory blocks...
[bam_sort_core] merging from 0 files and 25 in-memory blocks...
[bam_sort_core] merging from 0 files and 25 in-memory blocks...
[bam_sort_core] merging from 0 files and 25 in-memory blocks...
[bam_sort_core] merging from 0 files and 25 in-memory blocks...
[bam_sort_core] merging from 0 files and 25 in-memory blocks...
[bam_sort_core] merging from 0 files and 25 in-memory blocks...
[bam_sort_core] merging from 0 files and 25 in-memory blocks...
[bam_sort_core] merging from 0 files and 25 in-memory blocks...
[bam_sort_core] merging from 0 files and 25 in-memory blocks...
[bam_sort_core] merging from 0 files and 25 in-memory blocks...
[bam_sort_core] merging from 0 files and 25 in-memory blocks...
[bam_sort_core] merging from 0 files and 25 in-memory blocks...
[bam_sort_core] merging from 0 files and 25 in-memory blocks...
[bam_sort_core] merging from 0 files and 25 in-memory blocks...
[bam_sort_core] merging from 0 files and 25 in-memory blocks...
[bam_sort_core] merging from 0 files and 25 in-memory blocks...
[bam_sort_core] merging from 0 files and 25 in-memory blocks...
[bam_sort_core] merging from 0 files and 25 in-memory blocks...
[bam_sort_core] merging from 0 files and 25 in-memory blocks...
[bam_sort_core] merging from 0 files and 25 in-memory blocks...
[bam_sort_core] merging from 0 files and 25 in-memory blocks...
[bam_sort_core] merging from 0 files and 25 in-memory blocks...
[bam_sort_core] merging from 0 files and 25 in-memory blocks...
[bam_sort_core] merging from 0 files and 25 in-memory blocks...
[bam_sort_core] merging from 0 files and 25 in-memory blocks...
[bam_sort_core] merging from 0 files and 25 in-memory blocks...
[bam_sort_core] merging from 0 files and 25 in-memory blocks...
