Java/11.0.20
FastQC/0.11.9-Java-11
Started analysis of MTOP10-BT-972-HTT-2-1_S10_L001_R1_001.fastq.gz
Approx 5% complete for MTOP10-BT-972-HTT-2-1_S10_L001_R1_001.fastq.gz
Approx 10% complete for MTOP10-BT-972-HTT-2-1_S10_L001_R1_001.fastq.gz
Approx 15% complete for MTOP10-BT-972-HTT-2-1_S10_L001_R1_001.fastq.gz
Approx 20% complete for MTOP10-BT-972-HTT-2-1_S10_L001_R1_001.fastq.gz
Approx 25% complete for MTOP10-BT-972-HTT-2-1_S10_L001_R1_001.fastq.gz
Approx 30% complete for MTOP10-BT-972-HTT-2-1_S10_L001_R1_001.fastq.gz
Approx 35% complete for MTOP10-BT-972-HTT-2-1_S10_L001_R1_001.fastq.gz
Approx 40% complete for MTOP10-BT-972-HTT-2-1_S10_L001_R1_001.fastq.gz
Approx 45% complete for MTOP10-BT-972-HTT-2-1_S10_L001_R1_001.fastq.gz
Approx 50% complete for MTOP10-BT-972-HTT-2-1_S10_L001_R1_001.fastq.gz
Approx 55% complete for MTOP10-BT-972-HTT-2-1_S10_L001_R1_001.fastq.gz
Approx 60% complete for MTOP10-BT-972-HTT-2-1_S10_L001_R1_001.fastq.gz
Approx 65% complete for MTOP10-BT-972-HTT-2-1_S10_L001_R1_001.fastq.gz
Approx 70% complete for MTOP10-BT-972-HTT-2-1_S10_L001_R1_001.fastq.gz
Approx 75% complete for MTOP10-BT-972-HTT-2-1_S10_L001_R1_001.fastq.gz
Approx 80% complete for MTOP10-BT-972-HTT-2-1_S10_L001_R1_001.fastq.gz
Approx 85% complete for MTOP10-BT-972-HTT-2-1_S10_L001_R1_001.fastq.gz
Approx 90% complete for MTOP10-BT-972-HTT-2-1_S10_L001_R1_001.fastq.gz
Approx 95% complete for MTOP10-BT-972-HTT-2-1_S10_L001_R1_001.fastq.gz
Analysis complete for MTOP10-BT-972-HTT-2-1_S10_L001_R1_001.fastq.gz
Started analysis of MTOP10-BT-972-HTT-2-1_S10_L001_R2_001.fastq.gz
Approx 5% complete for MTOP10-BT-972-HTT-2-1_S10_L001_R2_001.fastq.gz
Approx 10% complete for MTOP10-BT-972-HTT-2-1_S10_L001_R2_001.fastq.gz
Approx 15% complete for MTOP10-BT-972-HTT-2-1_S10_L001_R2_001.fastq.gz
Approx 20% complete for MTOP10-BT-972-HTT-2-1_S10_L001_R2_001.fastq.gz
Approx 25% complete for MTOP10-BT-972-HTT-2-1_S10_L001_R2_001.fastq.gz
Approx 30% complete for MTOP10-BT-972-HTT-2-1_S10_L001_R2_001.fastq.gz
Approx 35% complete for MTOP10-BT-972-HTT-2-1_S10_L001_R2_001.fastq.gz
Approx 40% complete for MTOP10-BT-972-HTT-2-1_S10_L001_R2_001.fastq.gz
Approx 45% complete for MTOP10-BT-972-HTT-2-1_S10_L001_R2_001.fastq.gz
Approx 50% complete for MTOP10-BT-972-HTT-2-1_S10_L001_R2_001.fastq.gz
Approx 55% complete for MTOP10-BT-972-HTT-2-1_S10_L001_R2_001.fastq.gz
Approx 60% complete for MTOP10-BT-972-HTT-2-1_S10_L001_R2_001.fastq.gz
Approx 65% complete for MTOP10-BT-972-HTT-2-1_S10_L001_R2_001.fastq.gz
Approx 70% complete for MTOP10-BT-972-HTT-2-1_S10_L001_R2_001.fastq.gz
Approx 75% complete for MTOP10-BT-972-HTT-2-1_S10_L001_R2_001.fastq.gz
Approx 80% complete for MTOP10-BT-972-HTT-2-1_S10_L001_R2_001.fastq.gz
Approx 85% complete for MTOP10-BT-972-HTT-2-1_S10_L001_R2_001.fastq.gz
Approx 90% complete for MTOP10-BT-972-HTT-2-1_S10_L001_R2_001.fastq.gz
Approx 95% complete for MTOP10-BT-972-HTT-2-1_S10_L001_R2_001.fastq.gz
Analysis complete for MTOP10-BT-972-HTT-2-1_S10_L001_R2_001.fastq.gz
Started analysis of MTOP11-BT-972-HTT-2-1_S11_L001_R1_001.fastq.gz
Approx 5% complete for MTOP11-BT-972-HTT-2-1_S11_L001_R1_001.fastq.gz
Approx 10% complete for MTOP11-BT-972-HTT-2-1_S11_L001_R1_001.fastq.gz
Approx 15% complete for MTOP11-BT-972-HTT-2-1_S11_L001_R1_001.fastq.gz
Approx 20% complete for MTOP11-BT-972-HTT-2-1_S11_L001_R1_001.fastq.gz
Approx 25% complete for MTOP11-BT-972-HTT-2-1_S11_L001_R1_001.fastq.gz
Approx 30% complete for MTOP11-BT-972-HTT-2-1_S11_L001_R1_001.fastq.gz
Approx 35% complete for MTOP11-BT-972-HTT-2-1_S11_L001_R1_001.fastq.gz
Approx 40% complete for MTOP11-BT-972-HTT-2-1_S11_L001_R1_001.fastq.gz
Approx 45% complete for MTOP11-BT-972-HTT-2-1_S11_L001_R1_001.fastq.gz
Approx 50% complete for MTOP11-BT-972-HTT-2-1_S11_L001_R1_001.fastq.gz
Approx 55% complete for MTOP11-BT-972-HTT-2-1_S11_L001_R1_001.fastq.gz
Approx 60% complete for MTOP11-BT-972-HTT-2-1_S11_L001_R1_001.fastq.gz
Approx 65% complete for MTOP11-BT-972-HTT-2-1_S11_L001_R1_001.fastq.gz
Approx 70% complete for MTOP11-BT-972-HTT-2-1_S11_L001_R1_001.fastq.gz
Approx 75% complete for MTOP11-BT-972-HTT-2-1_S11_L001_R1_001.fastq.gz
Approx 80% complete for MTOP11-BT-972-HTT-2-1_S11_L001_R1_001.fastq.gz
Approx 85% complete for MTOP11-BT-972-HTT-2-1_S11_L001_R1_001.fastq.gz
Approx 90% complete for MTOP11-BT-972-HTT-2-1_S11_L001_R1_001.fastq.gz
Approx 95% complete for MTOP11-BT-972-HTT-2-1_S11_L001_R1_001.fastq.gz
Analysis complete for MTOP11-BT-972-HTT-2-1_S11_L001_R1_001.fastq.gz
Started analysis of MTOP11-BT-972-HTT-2-1_S11_L001_R2_001.fastq.gz
Approx 5% complete for MTOP11-BT-972-HTT-2-1_S11_L001_R2_001.fastq.gz
Approx 10% complete for MTOP11-BT-972-HTT-2-1_S11_L001_R2_001.fastq.gz
Approx 15% complete for MTOP11-BT-972-HTT-2-1_S11_L001_R2_001.fastq.gz
Approx 20% complete for MTOP11-BT-972-HTT-2-1_S11_L001_R2_001.fastq.gz
Approx 25% complete for MTOP11-BT-972-HTT-2-1_S11_L001_R2_001.fastq.gz
Approx 30% complete for MTOP11-BT-972-HTT-2-1_S11_L001_R2_001.fastq.gz
Approx 35% complete for MTOP11-BT-972-HTT-2-1_S11_L001_R2_001.fastq.gz
Approx 40% complete for MTOP11-BT-972-HTT-2-1_S11_L001_R2_001.fastq.gz
Approx 45% complete for MTOP11-BT-972-HTT-2-1_S11_L001_R2_001.fastq.gz
Approx 50% complete for MTOP11-BT-972-HTT-2-1_S11_L001_R2_001.fastq.gz
Approx 55% complete for MTOP11-BT-972-HTT-2-1_S11_L001_R2_001.fastq.gz
Approx 60% complete for MTOP11-BT-972-HTT-2-1_S11_L001_R2_001.fastq.gz
Approx 65% complete for MTOP11-BT-972-HTT-2-1_S11_L001_R2_001.fastq.gz
Approx 70% complete for MTOP11-BT-972-HTT-2-1_S11_L001_R2_001.fastq.gz
Approx 75% complete for MTOP11-BT-972-HTT-2-1_S11_L001_R2_001.fastq.gz
Approx 80% complete for MTOP11-BT-972-HTT-2-1_S11_L001_R2_001.fastq.gz
Approx 85% complete for MTOP11-BT-972-HTT-2-1_S11_L001_R2_001.fastq.gz
Approx 90% complete for MTOP11-BT-972-HTT-2-1_S11_L001_R2_001.fastq.gz
Approx 95% complete for MTOP11-BT-972-HTT-2-1_S11_L001_R2_001.fastq.gz
Analysis complete for MTOP11-BT-972-HTT-2-1_S11_L001_R2_001.fastq.gz
Started analysis of MTOP12-BT-972-HTT-2-1_S12_L001_R1_001.fastq.gz
Approx 5% complete for MTOP12-BT-972-HTT-2-1_S12_L001_R1_001.fastq.gz
Approx 10% complete for MTOP12-BT-972-HTT-2-1_S12_L001_R1_001.fastq.gz
Approx 15% complete for MTOP12-BT-972-HTT-2-1_S12_L001_R1_001.fastq.gz
Approx 20% complete for MTOP12-BT-972-HTT-2-1_S12_L001_R1_001.fastq.gz
Approx 25% complete for MTOP12-BT-972-HTT-2-1_S12_L001_R1_001.fastq.gz
Approx 30% complete for MTOP12-BT-972-HTT-2-1_S12_L001_R1_001.fastq.gz
Approx 35% complete for MTOP12-BT-972-HTT-2-1_S12_L001_R1_001.fastq.gz
Approx 40% complete for MTOP12-BT-972-HTT-2-1_S12_L001_R1_001.fastq.gz
Approx 45% complete for MTOP12-BT-972-HTT-2-1_S12_L001_R1_001.fastq.gz
Approx 50% complete for MTOP12-BT-972-HTT-2-1_S12_L001_R1_001.fastq.gz
Approx 55% complete for MTOP12-BT-972-HTT-2-1_S12_L001_R1_001.fastq.gz
Approx 60% complete for MTOP12-BT-972-HTT-2-1_S12_L001_R1_001.fastq.gz
Approx 65% complete for MTOP12-BT-972-HTT-2-1_S12_L001_R1_001.fastq.gz
Approx 70% complete for MTOP12-BT-972-HTT-2-1_S12_L001_R1_001.fastq.gz
Approx 75% complete for MTOP12-BT-972-HTT-2-1_S12_L001_R1_001.fastq.gz
Approx 80% complete for MTOP12-BT-972-HTT-2-1_S12_L001_R1_001.fastq.gz
Approx 85% complete for MTOP12-BT-972-HTT-2-1_S12_L001_R1_001.fastq.gz
Approx 90% complete for MTOP12-BT-972-HTT-2-1_S12_L001_R1_001.fastq.gz
Approx 95% complete for MTOP12-BT-972-HTT-2-1_S12_L001_R1_001.fastq.gz
Analysis complete for MTOP12-BT-972-HTT-2-1_S12_L001_R1_001.fastq.gz
Started analysis of MTOP12-BT-972-HTT-2-1_S12_L001_R2_001.fastq.gz
Approx 5% complete for MTOP12-BT-972-HTT-2-1_S12_L001_R2_001.fastq.gz
Approx 10% complete for MTOP12-BT-972-HTT-2-1_S12_L001_R2_001.fastq.gz
Approx 15% complete for MTOP12-BT-972-HTT-2-1_S12_L001_R2_001.fastq.gz
Approx 20% complete for MTOP12-BT-972-HTT-2-1_S12_L001_R2_001.fastq.gz
Approx 25% complete for MTOP12-BT-972-HTT-2-1_S12_L001_R2_001.fastq.gz
Approx 30% complete for MTOP12-BT-972-HTT-2-1_S12_L001_R2_001.fastq.gz
Approx 35% complete for MTOP12-BT-972-HTT-2-1_S12_L001_R2_001.fastq.gz
Approx 40% complete for MTOP12-BT-972-HTT-2-1_S12_L001_R2_001.fastq.gz
Approx 45% complete for MTOP12-BT-972-HTT-2-1_S12_L001_R2_001.fastq.gz
Approx 50% complete for MTOP12-BT-972-HTT-2-1_S12_L001_R2_001.fastq.gz
Approx 55% complete for MTOP12-BT-972-HTT-2-1_S12_L001_R2_001.fastq.gz
Approx 60% complete for MTOP12-BT-972-HTT-2-1_S12_L001_R2_001.fastq.gz
Approx 65% complete for MTOP12-BT-972-HTT-2-1_S12_L001_R2_001.fastq.gz
Approx 70% complete for MTOP12-BT-972-HTT-2-1_S12_L001_R2_001.fastq.gz
Approx 75% complete for MTOP12-BT-972-HTT-2-1_S12_L001_R2_001.fastq.gz
Approx 80% complete for MTOP12-BT-972-HTT-2-1_S12_L001_R2_001.fastq.gz
Approx 85% complete for MTOP12-BT-972-HTT-2-1_S12_L001_R2_001.fastq.gz
Approx 90% complete for MTOP12-BT-972-HTT-2-1_S12_L001_R2_001.fastq.gz
Approx 95% complete for MTOP12-BT-972-HTT-2-1_S12_L001_R2_001.fastq.gz
Analysis complete for MTOP12-BT-972-HTT-2-1_S12_L001_R2_001.fastq.gz
Started analysis of MTOP13-BT-241-AAVS1_S13_L001_R1_001.fastq.gz
Approx 5% complete for MTOP13-BT-241-AAVS1_S13_L001_R1_001.fastq.gz
Approx 10% complete for MTOP13-BT-241-AAVS1_S13_L001_R1_001.fastq.gz
Approx 15% complete for MTOP13-BT-241-AAVS1_S13_L001_R1_001.fastq.gz
Approx 20% complete for MTOP13-BT-241-AAVS1_S13_L001_R1_001.fastq.gz
Approx 25% complete for MTOP13-BT-241-AAVS1_S13_L001_R1_001.fastq.gz
Approx 30% complete for MTOP13-BT-241-AAVS1_S13_L001_R1_001.fastq.gz
Approx 35% complete for MTOP13-BT-241-AAVS1_S13_L001_R1_001.fastq.gz
Approx 40% complete for MTOP13-BT-241-AAVS1_S13_L001_R1_001.fastq.gz
Approx 45% complete for MTOP13-BT-241-AAVS1_S13_L001_R1_001.fastq.gz
Approx 50% complete for MTOP13-BT-241-AAVS1_S13_L001_R1_001.fastq.gz
Approx 55% complete for MTOP13-BT-241-AAVS1_S13_L001_R1_001.fastq.gz
Approx 60% complete for MTOP13-BT-241-AAVS1_S13_L001_R1_001.fastq.gz
Approx 65% complete for MTOP13-BT-241-AAVS1_S13_L001_R1_001.fastq.gz
Approx 70% complete for MTOP13-BT-241-AAVS1_S13_L001_R1_001.fastq.gz
Approx 75% complete for MTOP13-BT-241-AAVS1_S13_L001_R1_001.fastq.gz
Approx 80% complete for MTOP13-BT-241-AAVS1_S13_L001_R1_001.fastq.gz
Approx 85% complete for MTOP13-BT-241-AAVS1_S13_L001_R1_001.fastq.gz
Approx 90% complete for MTOP13-BT-241-AAVS1_S13_L001_R1_001.fastq.gz
Approx 95% complete for MTOP13-BT-241-AAVS1_S13_L001_R1_001.fastq.gz
Analysis complete for MTOP13-BT-241-AAVS1_S13_L001_R1_001.fastq.gz
Started analysis of MTOP13-BT-241-AAVS1_S13_L001_R2_001.fastq.gz
Approx 5% complete for MTOP13-BT-241-AAVS1_S13_L001_R2_001.fastq.gz
Approx 10% complete for MTOP13-BT-241-AAVS1_S13_L001_R2_001.fastq.gz
Approx 15% complete for MTOP13-BT-241-AAVS1_S13_L001_R2_001.fastq.gz
Approx 20% complete for MTOP13-BT-241-AAVS1_S13_L001_R2_001.fastq.gz
Approx 25% complete for MTOP13-BT-241-AAVS1_S13_L001_R2_001.fastq.gz
Approx 30% complete for MTOP13-BT-241-AAVS1_S13_L001_R2_001.fastq.gz
Approx 35% complete for MTOP13-BT-241-AAVS1_S13_L001_R2_001.fastq.gz
Approx 40% complete for MTOP13-BT-241-AAVS1_S13_L001_R2_001.fastq.gz
Approx 45% complete for MTOP13-BT-241-AAVS1_S13_L001_R2_001.fastq.gz
Approx 50% complete for MTOP13-BT-241-AAVS1_S13_L001_R2_001.fastq.gz
Approx 55% complete for MTOP13-BT-241-AAVS1_S13_L001_R2_001.fastq.gz
Approx 60% complete for MTOP13-BT-241-AAVS1_S13_L001_R2_001.fastq.gz
Approx 65% complete for MTOP13-BT-241-AAVS1_S13_L001_R2_001.fastq.gz
Approx 70% complete for MTOP13-BT-241-AAVS1_S13_L001_R2_001.fastq.gz
Approx 75% complete for MTOP13-BT-241-AAVS1_S13_L001_R2_001.fastq.gz
Approx 80% complete for MTOP13-BT-241-AAVS1_S13_L001_R2_001.fastq.gz
Approx 85% complete for MTOP13-BT-241-AAVS1_S13_L001_R2_001.fastq.gz
Approx 90% complete for MTOP13-BT-241-AAVS1_S13_L001_R2_001.fastq.gz
Approx 95% complete for MTOP13-BT-241-AAVS1_S13_L001_R2_001.fastq.gz
Analysis complete for MTOP13-BT-241-AAVS1_S13_L001_R2_001.fastq.gz
Started analysis of MTOP14-BT-241-AAVS1_S14_L001_R1_001.fastq.gz
Approx 5% complete for MTOP14-BT-241-AAVS1_S14_L001_R1_001.fastq.gz
Approx 10% complete for MTOP14-BT-241-AAVS1_S14_L001_R1_001.fastq.gz
Approx 15% complete for MTOP14-BT-241-AAVS1_S14_L001_R1_001.fastq.gz
Approx 20% complete for MTOP14-BT-241-AAVS1_S14_L001_R1_001.fastq.gz
Approx 25% complete for MTOP14-BT-241-AAVS1_S14_L001_R1_001.fastq.gz
Approx 30% complete for MTOP14-BT-241-AAVS1_S14_L001_R1_001.fastq.gz
Approx 35% complete for MTOP14-BT-241-AAVS1_S14_L001_R1_001.fastq.gz
Approx 40% complete for MTOP14-BT-241-AAVS1_S14_L001_R1_001.fastq.gz
Approx 45% complete for MTOP14-BT-241-AAVS1_S14_L001_R1_001.fastq.gz
Approx 50% complete for MTOP14-BT-241-AAVS1_S14_L001_R1_001.fastq.gz
Approx 55% complete for MTOP14-BT-241-AAVS1_S14_L001_R1_001.fastq.gz
Approx 60% complete for MTOP14-BT-241-AAVS1_S14_L001_R1_001.fastq.gz
Approx 65% complete for MTOP14-BT-241-AAVS1_S14_L001_R1_001.fastq.gz
Approx 70% complete for MTOP14-BT-241-AAVS1_S14_L001_R1_001.fastq.gz
Approx 75% complete for MTOP14-BT-241-AAVS1_S14_L001_R1_001.fastq.gz
Approx 80% complete for MTOP14-BT-241-AAVS1_S14_L001_R1_001.fastq.gz
Approx 85% complete for MTOP14-BT-241-AAVS1_S14_L001_R1_001.fastq.gz
Approx 90% complete for MTOP14-BT-241-AAVS1_S14_L001_R1_001.fastq.gz
Approx 95% complete for MTOP14-BT-241-AAVS1_S14_L001_R1_001.fastq.gz
Analysis complete for MTOP14-BT-241-AAVS1_S14_L001_R1_001.fastq.gz
Started analysis of MTOP14-BT-241-AAVS1_S14_L001_R2_001.fastq.gz
Approx 5% complete for MTOP14-BT-241-AAVS1_S14_L001_R2_001.fastq.gz
Approx 10% complete for MTOP14-BT-241-AAVS1_S14_L001_R2_001.fastq.gz
Approx 15% complete for MTOP14-BT-241-AAVS1_S14_L001_R2_001.fastq.gz
Approx 20% complete for MTOP14-BT-241-AAVS1_S14_L001_R2_001.fastq.gz
Approx 25% complete for MTOP14-BT-241-AAVS1_S14_L001_R2_001.fastq.gz
Approx 30% complete for MTOP14-BT-241-AAVS1_S14_L001_R2_001.fastq.gz
Approx 35% complete for MTOP14-BT-241-AAVS1_S14_L001_R2_001.fastq.gz
Approx 40% complete for MTOP14-BT-241-AAVS1_S14_L001_R2_001.fastq.gz
Approx 45% complete for MTOP14-BT-241-AAVS1_S14_L001_R2_001.fastq.gz
Approx 50% complete for MTOP14-BT-241-AAVS1_S14_L001_R2_001.fastq.gz
Approx 55% complete for MTOP14-BT-241-AAVS1_S14_L001_R2_001.fastq.gz
Approx 60% complete for MTOP14-BT-241-AAVS1_S14_L001_R2_001.fastq.gz
Approx 65% complete for MTOP14-BT-241-AAVS1_S14_L001_R2_001.fastq.gz
Approx 70% complete for MTOP14-BT-241-AAVS1_S14_L001_R2_001.fastq.gz
Approx 75% complete for MTOP14-BT-241-AAVS1_S14_L001_R2_001.fastq.gz
Approx 80% complete for MTOP14-BT-241-AAVS1_S14_L001_R2_001.fastq.gz
Approx 85% complete for MTOP14-BT-241-AAVS1_S14_L001_R2_001.fastq.gz
Approx 90% complete for MTOP14-BT-241-AAVS1_S14_L001_R2_001.fastq.gz
Approx 95% complete for MTOP14-BT-241-AAVS1_S14_L001_R2_001.fastq.gz
Analysis complete for MTOP14-BT-241-AAVS1_S14_L001_R2_001.fastq.gz
Started analysis of MTOP15-BT-241-AAVS1_S15_L001_R1_001.fastq.gz
Approx 5% complete for MTOP15-BT-241-AAVS1_S15_L001_R1_001.fastq.gz
Approx 10% complete for MTOP15-BT-241-AAVS1_S15_L001_R1_001.fastq.gz
Approx 15% complete for MTOP15-BT-241-AAVS1_S15_L001_R1_001.fastq.gz
Approx 20% complete for MTOP15-BT-241-AAVS1_S15_L001_R1_001.fastq.gz
Approx 25% complete for MTOP15-BT-241-AAVS1_S15_L001_R1_001.fastq.gz
Approx 30% complete for MTOP15-BT-241-AAVS1_S15_L001_R1_001.fastq.gz
Approx 35% complete for MTOP15-BT-241-AAVS1_S15_L001_R1_001.fastq.gz
Approx 40% complete for MTOP15-BT-241-AAVS1_S15_L001_R1_001.fastq.gz
Approx 45% complete for MTOP15-BT-241-AAVS1_S15_L001_R1_001.fastq.gz
Approx 50% complete for MTOP15-BT-241-AAVS1_S15_L001_R1_001.fastq.gz
Approx 55% complete for MTOP15-BT-241-AAVS1_S15_L001_R1_001.fastq.gz
Approx 60% complete for MTOP15-BT-241-AAVS1_S15_L001_R1_001.fastq.gz
Approx 65% complete for MTOP15-BT-241-AAVS1_S15_L001_R1_001.fastq.gz
Approx 70% complete for MTOP15-BT-241-AAVS1_S15_L001_R1_001.fastq.gz
Approx 75% complete for MTOP15-BT-241-AAVS1_S15_L001_R1_001.fastq.gz
Approx 80% complete for MTOP15-BT-241-AAVS1_S15_L001_R1_001.fastq.gz
Approx 85% complete for MTOP15-BT-241-AAVS1_S15_L001_R1_001.fastq.gz
Approx 90% complete for MTOP15-BT-241-AAVS1_S15_L001_R1_001.fastq.gz
Approx 95% complete for MTOP15-BT-241-AAVS1_S15_L001_R1_001.fastq.gz
Analysis complete for MTOP15-BT-241-AAVS1_S15_L001_R1_001.fastq.gz
Started analysis of MTOP15-BT-241-AAVS1_S15_L001_R2_001.fastq.gz
Approx 5% complete for MTOP15-BT-241-AAVS1_S15_L001_R2_001.fastq.gz
Approx 10% complete for MTOP15-BT-241-AAVS1_S15_L001_R2_001.fastq.gz
Approx 15% complete for MTOP15-BT-241-AAVS1_S15_L001_R2_001.fastq.gz
Approx 20% complete for MTOP15-BT-241-AAVS1_S15_L001_R2_001.fastq.gz
Approx 25% complete for MTOP15-BT-241-AAVS1_S15_L001_R2_001.fastq.gz
Approx 30% complete for MTOP15-BT-241-AAVS1_S15_L001_R2_001.fastq.gz
Approx 35% complete for MTOP15-BT-241-AAVS1_S15_L001_R2_001.fastq.gz
Approx 40% complete for MTOP15-BT-241-AAVS1_S15_L001_R2_001.fastq.gz
Approx 45% complete for MTOP15-BT-241-AAVS1_S15_L001_R2_001.fastq.gz
Approx 50% complete for MTOP15-BT-241-AAVS1_S15_L001_R2_001.fastq.gz
Approx 55% complete for MTOP15-BT-241-AAVS1_S15_L001_R2_001.fastq.gz
Approx 60% complete for MTOP15-BT-241-AAVS1_S15_L001_R2_001.fastq.gz
Approx 65% complete for MTOP15-BT-241-AAVS1_S15_L001_R2_001.fastq.gz
Approx 70% complete for MTOP15-BT-241-AAVS1_S15_L001_R2_001.fastq.gz
Approx 75% complete for MTOP15-BT-241-AAVS1_S15_L001_R2_001.fastq.gz
Approx 80% complete for MTOP15-BT-241-AAVS1_S15_L001_R2_001.fastq.gz
Approx 85% complete for MTOP15-BT-241-AAVS1_S15_L001_R2_001.fastq.gz
Approx 90% complete for MTOP15-BT-241-AAVS1_S15_L001_R2_001.fastq.gz
Approx 95% complete for MTOP15-BT-241-AAVS1_S15_L001_R2_001.fastq.gz
Analysis complete for MTOP15-BT-241-AAVS1_S15_L001_R2_001.fastq.gz
Started analysis of MTOP16-BT-241-HTT-4-1_S16_L001_R1_001.fastq.gz
Approx 5% complete for MTOP16-BT-241-HTT-4-1_S16_L001_R1_001.fastq.gz
Approx 10% complete for MTOP16-BT-241-HTT-4-1_S16_L001_R1_001.fastq.gz
Approx 15% complete for MTOP16-BT-241-HTT-4-1_S16_L001_R1_001.fastq.gz
Approx 20% complete for MTOP16-BT-241-HTT-4-1_S16_L001_R1_001.fastq.gz
Approx 25% complete for MTOP16-BT-241-HTT-4-1_S16_L001_R1_001.fastq.gz
Approx 30% complete for MTOP16-BT-241-HTT-4-1_S16_L001_R1_001.fastq.gz
Approx 35% complete for MTOP16-BT-241-HTT-4-1_S16_L001_R1_001.fastq.gz
Approx 40% complete for MTOP16-BT-241-HTT-4-1_S16_L001_R1_001.fastq.gz
Approx 45% complete for MTOP16-BT-241-HTT-4-1_S16_L001_R1_001.fastq.gz
Approx 50% complete for MTOP16-BT-241-HTT-4-1_S16_L001_R1_001.fastq.gz
Approx 55% complete for MTOP16-BT-241-HTT-4-1_S16_L001_R1_001.fastq.gz
Approx 60% complete for MTOP16-BT-241-HTT-4-1_S16_L001_R1_001.fastq.gz
Approx 65% complete for MTOP16-BT-241-HTT-4-1_S16_L001_R1_001.fastq.gz
Approx 70% complete for MTOP16-BT-241-HTT-4-1_S16_L001_R1_001.fastq.gz
Approx 75% complete for MTOP16-BT-241-HTT-4-1_S16_L001_R1_001.fastq.gz
Approx 80% complete for MTOP16-BT-241-HTT-4-1_S16_L001_R1_001.fastq.gz
Approx 85% complete for MTOP16-BT-241-HTT-4-1_S16_L001_R1_001.fastq.gz
Approx 90% complete for MTOP16-BT-241-HTT-4-1_S16_L001_R1_001.fastq.gz
Approx 95% complete for MTOP16-BT-241-HTT-4-1_S16_L001_R1_001.fastq.gz
Analysis complete for MTOP16-BT-241-HTT-4-1_S16_L001_R1_001.fastq.gz
Started analysis of MTOP16-BT-241-HTT-4-1_S16_L001_R2_001.fastq.gz
Approx 5% complete for MTOP16-BT-241-HTT-4-1_S16_L001_R2_001.fastq.gz
Approx 10% complete for MTOP16-BT-241-HTT-4-1_S16_L001_R2_001.fastq.gz
Approx 15% complete for MTOP16-BT-241-HTT-4-1_S16_L001_R2_001.fastq.gz
Approx 20% complete for MTOP16-BT-241-HTT-4-1_S16_L001_R2_001.fastq.gz
Approx 25% complete for MTOP16-BT-241-HTT-4-1_S16_L001_R2_001.fastq.gz
Approx 30% complete for MTOP16-BT-241-HTT-4-1_S16_L001_R2_001.fastq.gz
Approx 35% complete for MTOP16-BT-241-HTT-4-1_S16_L001_R2_001.fastq.gz
Approx 40% complete for MTOP16-BT-241-HTT-4-1_S16_L001_R2_001.fastq.gz
Approx 45% complete for MTOP16-BT-241-HTT-4-1_S16_L001_R2_001.fastq.gz
Approx 50% complete for MTOP16-BT-241-HTT-4-1_S16_L001_R2_001.fastq.gz
Approx 55% complete for MTOP16-BT-241-HTT-4-1_S16_L001_R2_001.fastq.gz
Approx 60% complete for MTOP16-BT-241-HTT-4-1_S16_L001_R2_001.fastq.gz
Approx 65% complete for MTOP16-BT-241-HTT-4-1_S16_L001_R2_001.fastq.gz
Approx 70% complete for MTOP16-BT-241-HTT-4-1_S16_L001_R2_001.fastq.gz
Approx 75% complete for MTOP16-BT-241-HTT-4-1_S16_L001_R2_001.fastq.gz
Approx 80% complete for MTOP16-BT-241-HTT-4-1_S16_L001_R2_001.fastq.gz
Approx 85% complete for MTOP16-BT-241-HTT-4-1_S16_L001_R2_001.fastq.gz
Approx 90% complete for MTOP16-BT-241-HTT-4-1_S16_L001_R2_001.fastq.gz
Approx 95% complete for MTOP16-BT-241-HTT-4-1_S16_L001_R2_001.fastq.gz
Analysis complete for MTOP16-BT-241-HTT-4-1_S16_L001_R2_001.fastq.gz
Started analysis of MTOP17-BT-241-HTT-4-1_S17_L001_R1_001.fastq.gz
Approx 5% complete for MTOP17-BT-241-HTT-4-1_S17_L001_R1_001.fastq.gz
Approx 10% complete for MTOP17-BT-241-HTT-4-1_S17_L001_R1_001.fastq.gz
Approx 15% complete for MTOP17-BT-241-HTT-4-1_S17_L001_R1_001.fastq.gz
Approx 20% complete for MTOP17-BT-241-HTT-4-1_S17_L001_R1_001.fastq.gz
Approx 25% complete for MTOP17-BT-241-HTT-4-1_S17_L001_R1_001.fastq.gz
Approx 30% complete for MTOP17-BT-241-HTT-4-1_S17_L001_R1_001.fastq.gz
Approx 35% complete for MTOP17-BT-241-HTT-4-1_S17_L001_R1_001.fastq.gz
Approx 40% complete for MTOP17-BT-241-HTT-4-1_S17_L001_R1_001.fastq.gz
Approx 45% complete for MTOP17-BT-241-HTT-4-1_S17_L001_R1_001.fastq.gz
Approx 50% complete for MTOP17-BT-241-HTT-4-1_S17_L001_R1_001.fastq.gz
Approx 55% complete for MTOP17-BT-241-HTT-4-1_S17_L001_R1_001.fastq.gz
Approx 60% complete for MTOP17-BT-241-HTT-4-1_S17_L001_R1_001.fastq.gz
Approx 65% complete for MTOP17-BT-241-HTT-4-1_S17_L001_R1_001.fastq.gz
Approx 70% complete for MTOP17-BT-241-HTT-4-1_S17_L001_R1_001.fastq.gz
Approx 75% complete for MTOP17-BT-241-HTT-4-1_S17_L001_R1_001.fastq.gz
Approx 80% complete for MTOP17-BT-241-HTT-4-1_S17_L001_R1_001.fastq.gz
Approx 85% complete for MTOP17-BT-241-HTT-4-1_S17_L001_R1_001.fastq.gz
Approx 90% complete for MTOP17-BT-241-HTT-4-1_S17_L001_R1_001.fastq.gz
Approx 95% complete for MTOP17-BT-241-HTT-4-1_S17_L001_R1_001.fastq.gz
Analysis complete for MTOP17-BT-241-HTT-4-1_S17_L001_R1_001.fastq.gz
Started analysis of MTOP17-BT-241-HTT-4-1_S17_L001_R2_001.fastq.gz
Approx 5% complete for MTOP17-BT-241-HTT-4-1_S17_L001_R2_001.fastq.gz
Approx 10% complete for MTOP17-BT-241-HTT-4-1_S17_L001_R2_001.fastq.gz
Approx 15% complete for MTOP17-BT-241-HTT-4-1_S17_L001_R2_001.fastq.gz
Approx 20% complete for MTOP17-BT-241-HTT-4-1_S17_L001_R2_001.fastq.gz
Approx 25% complete for MTOP17-BT-241-HTT-4-1_S17_L001_R2_001.fastq.gz
Approx 30% complete for MTOP17-BT-241-HTT-4-1_S17_L001_R2_001.fastq.gz
Approx 35% complete for MTOP17-BT-241-HTT-4-1_S17_L001_R2_001.fastq.gz
Approx 40% complete for MTOP17-BT-241-HTT-4-1_S17_L001_R2_001.fastq.gz
Approx 45% complete for MTOP17-BT-241-HTT-4-1_S17_L001_R2_001.fastq.gz
Approx 50% complete for MTOP17-BT-241-HTT-4-1_S17_L001_R2_001.fastq.gz
Approx 55% complete for MTOP17-BT-241-HTT-4-1_S17_L001_R2_001.fastq.gz
Approx 60% complete for MTOP17-BT-241-HTT-4-1_S17_L001_R2_001.fastq.gz
Approx 65% complete for MTOP17-BT-241-HTT-4-1_S17_L001_R2_001.fastq.gz
Approx 70% complete for MTOP17-BT-241-HTT-4-1_S17_L001_R2_001.fastq.gz
Approx 75% complete for MTOP17-BT-241-HTT-4-1_S17_L001_R2_001.fastq.gz
Approx 80% complete for MTOP17-BT-241-HTT-4-1_S17_L001_R2_001.fastq.gz
Approx 85% complete for MTOP17-BT-241-HTT-4-1_S17_L001_R2_001.fastq.gz
Approx 90% complete for MTOP17-BT-241-HTT-4-1_S17_L001_R2_001.fastq.gz
Approx 95% complete for MTOP17-BT-241-HTT-4-1_S17_L001_R2_001.fastq.gz
Analysis complete for MTOP17-BT-241-HTT-4-1_S17_L001_R2_001.fastq.gz
Started analysis of MTOP18-BT-241-HTT-4-1_S18_L001_R1_001.fastq.gz
Approx 5% complete for MTOP18-BT-241-HTT-4-1_S18_L001_R1_001.fastq.gz
Approx 10% complete for MTOP18-BT-241-HTT-4-1_S18_L001_R1_001.fastq.gz
Approx 15% complete for MTOP18-BT-241-HTT-4-1_S18_L001_R1_001.fastq.gz
Approx 20% complete for MTOP18-BT-241-HTT-4-1_S18_L001_R1_001.fastq.gz
Approx 25% complete for MTOP18-BT-241-HTT-4-1_S18_L001_R1_001.fastq.gz
Approx 30% complete for MTOP18-BT-241-HTT-4-1_S18_L001_R1_001.fastq.gz
Approx 35% complete for MTOP18-BT-241-HTT-4-1_S18_L001_R1_001.fastq.gz
Approx 40% complete for MTOP18-BT-241-HTT-4-1_S18_L001_R1_001.fastq.gz
Approx 45% complete for MTOP18-BT-241-HTT-4-1_S18_L001_R1_001.fastq.gz
Approx 50% complete for MTOP18-BT-241-HTT-4-1_S18_L001_R1_001.fastq.gz
Approx 55% complete for MTOP18-BT-241-HTT-4-1_S18_L001_R1_001.fastq.gz
Approx 60% complete for MTOP18-BT-241-HTT-4-1_S18_L001_R1_001.fastq.gz
Approx 65% complete for MTOP18-BT-241-HTT-4-1_S18_L001_R1_001.fastq.gz
Approx 70% complete for MTOP18-BT-241-HTT-4-1_S18_L001_R1_001.fastq.gz
Approx 75% complete for MTOP18-BT-241-HTT-4-1_S18_L001_R1_001.fastq.gz
Approx 80% complete for MTOP18-BT-241-HTT-4-1_S18_L001_R1_001.fastq.gz
Approx 85% complete for MTOP18-BT-241-HTT-4-1_S18_L001_R1_001.fastq.gz
Approx 90% complete for MTOP18-BT-241-HTT-4-1_S18_L001_R1_001.fastq.gz
Approx 95% complete for MTOP18-BT-241-HTT-4-1_S18_L001_R1_001.fastq.gz
Analysis complete for MTOP18-BT-241-HTT-4-1_S18_L001_R1_001.fastq.gz
Started analysis of MTOP18-BT-241-HTT-4-1_S18_L001_R2_001.fastq.gz
Approx 5% complete for MTOP18-BT-241-HTT-4-1_S18_L001_R2_001.fastq.gz
Approx 10% complete for MTOP18-BT-241-HTT-4-1_S18_L001_R2_001.fastq.gz
Approx 15% complete for MTOP18-BT-241-HTT-4-1_S18_L001_R2_001.fastq.gz
Approx 20% complete for MTOP18-BT-241-HTT-4-1_S18_L001_R2_001.fastq.gz
Approx 25% complete for MTOP18-BT-241-HTT-4-1_S18_L001_R2_001.fastq.gz
Approx 30% complete for MTOP18-BT-241-HTT-4-1_S18_L001_R2_001.fastq.gz
Approx 35% complete for MTOP18-BT-241-HTT-4-1_S18_L001_R2_001.fastq.gz
Approx 40% complete for MTOP18-BT-241-HTT-4-1_S18_L001_R2_001.fastq.gz
Approx 45% complete for MTOP18-BT-241-HTT-4-1_S18_L001_R2_001.fastq.gz
Approx 50% complete for MTOP18-BT-241-HTT-4-1_S18_L001_R2_001.fastq.gz
Approx 55% complete for MTOP18-BT-241-HTT-4-1_S18_L001_R2_001.fastq.gz
Approx 60% complete for MTOP18-BT-241-HTT-4-1_S18_L001_R2_001.fastq.gz
Approx 65% complete for MTOP18-BT-241-HTT-4-1_S18_L001_R2_001.fastq.gz
Approx 70% complete for MTOP18-BT-241-HTT-4-1_S18_L001_R2_001.fastq.gz
Approx 75% complete for MTOP18-BT-241-HTT-4-1_S18_L001_R2_001.fastq.gz
Approx 80% complete for MTOP18-BT-241-HTT-4-1_S18_L001_R2_001.fastq.gz
Approx 85% complete for MTOP18-BT-241-HTT-4-1_S18_L001_R2_001.fastq.gz
Approx 90% complete for MTOP18-BT-241-HTT-4-1_S18_L001_R2_001.fastq.gz
Approx 95% complete for MTOP18-BT-241-HTT-4-1_S18_L001_R2_001.fastq.gz
Analysis complete for MTOP18-BT-241-HTT-4-1_S18_L001_R2_001.fastq.gz
Started analysis of MTOP19-BT-935-AAVS1_S19_L001_R1_001.fastq.gz
Approx 5% complete for MTOP19-BT-935-AAVS1_S19_L001_R1_001.fastq.gz
Approx 10% complete for MTOP19-BT-935-AAVS1_S19_L001_R1_001.fastq.gz
Approx 15% complete for MTOP19-BT-935-AAVS1_S19_L001_R1_001.fastq.gz
Approx 20% complete for MTOP19-BT-935-AAVS1_S19_L001_R1_001.fastq.gz
Approx 25% complete for MTOP19-BT-935-AAVS1_S19_L001_R1_001.fastq.gz
Approx 30% complete for MTOP19-BT-935-AAVS1_S19_L001_R1_001.fastq.gz
Approx 35% complete for MTOP19-BT-935-AAVS1_S19_L001_R1_001.fastq.gz
Approx 40% complete for MTOP19-BT-935-AAVS1_S19_L001_R1_001.fastq.gz
Approx 45% complete for MTOP19-BT-935-AAVS1_S19_L001_R1_001.fastq.gz
Approx 50% complete for MTOP19-BT-935-AAVS1_S19_L001_R1_001.fastq.gz
Approx 55% complete for MTOP19-BT-935-AAVS1_S19_L001_R1_001.fastq.gz
Approx 60% complete for MTOP19-BT-935-AAVS1_S19_L001_R1_001.fastq.gz
Approx 65% complete for MTOP19-BT-935-AAVS1_S19_L001_R1_001.fastq.gz
Approx 70% complete for MTOP19-BT-935-AAVS1_S19_L001_R1_001.fastq.gz
Approx 75% complete for MTOP19-BT-935-AAVS1_S19_L001_R1_001.fastq.gz
Approx 80% complete for MTOP19-BT-935-AAVS1_S19_L001_R1_001.fastq.gz
Approx 85% complete for MTOP19-BT-935-AAVS1_S19_L001_R1_001.fastq.gz
Approx 90% complete for MTOP19-BT-935-AAVS1_S19_L001_R1_001.fastq.gz
Approx 95% complete for MTOP19-BT-935-AAVS1_S19_L001_R1_001.fastq.gz
Analysis complete for MTOP19-BT-935-AAVS1_S19_L001_R1_001.fastq.gz
Started analysis of MTOP19-BT-935-AAVS1_S19_L001_R2_001.fastq.gz
Approx 5% complete for MTOP19-BT-935-AAVS1_S19_L001_R2_001.fastq.gz
Approx 10% complete for MTOP19-BT-935-AAVS1_S19_L001_R2_001.fastq.gz
Approx 15% complete for MTOP19-BT-935-AAVS1_S19_L001_R2_001.fastq.gz
Approx 20% complete for MTOP19-BT-935-AAVS1_S19_L001_R2_001.fastq.gz
Approx 25% complete for MTOP19-BT-935-AAVS1_S19_L001_R2_001.fastq.gz
Approx 30% complete for MTOP19-BT-935-AAVS1_S19_L001_R2_001.fastq.gz
Approx 35% complete for MTOP19-BT-935-AAVS1_S19_L001_R2_001.fastq.gz
Approx 40% complete for MTOP19-BT-935-AAVS1_S19_L001_R2_001.fastq.gz
Approx 45% complete for MTOP19-BT-935-AAVS1_S19_L001_R2_001.fastq.gz
Approx 50% complete for MTOP19-BT-935-AAVS1_S19_L001_R2_001.fastq.gz
Approx 55% complete for MTOP19-BT-935-AAVS1_S19_L001_R2_001.fastq.gz
Approx 60% complete for MTOP19-BT-935-AAVS1_S19_L001_R2_001.fastq.gz
Approx 65% complete for MTOP19-BT-935-AAVS1_S19_L001_R2_001.fastq.gz
Approx 70% complete for MTOP19-BT-935-AAVS1_S19_L001_R2_001.fastq.gz
Approx 75% complete for MTOP19-BT-935-AAVS1_S19_L001_R2_001.fastq.gz
Approx 80% complete for MTOP19-BT-935-AAVS1_S19_L001_R2_001.fastq.gz
Approx 85% complete for MTOP19-BT-935-AAVS1_S19_L001_R2_001.fastq.gz
Approx 90% complete for MTOP19-BT-935-AAVS1_S19_L001_R2_001.fastq.gz
Approx 95% complete for MTOP19-BT-935-AAVS1_S19_L001_R2_001.fastq.gz
Analysis complete for MTOP19-BT-935-AAVS1_S19_L001_R2_001.fastq.gz
Started analysis of MTOP1-BT241-DMSO_S1_L001_R1_001.fastq.gz
Approx 5% complete for MTOP1-BT241-DMSO_S1_L001_R1_001.fastq.gz
Approx 10% complete for MTOP1-BT241-DMSO_S1_L001_R1_001.fastq.gz
Approx 15% complete for MTOP1-BT241-DMSO_S1_L001_R1_001.fastq.gz
Approx 20% complete for MTOP1-BT241-DMSO_S1_L001_R1_001.fastq.gz
Approx 25% complete for MTOP1-BT241-DMSO_S1_L001_R1_001.fastq.gz
Approx 30% complete for MTOP1-BT241-DMSO_S1_L001_R1_001.fastq.gz
Approx 35% complete for MTOP1-BT241-DMSO_S1_L001_R1_001.fastq.gz
Approx 40% complete for MTOP1-BT241-DMSO_S1_L001_R1_001.fastq.gz
Approx 45% complete for MTOP1-BT241-DMSO_S1_L001_R1_001.fastq.gz
Approx 50% complete for MTOP1-BT241-DMSO_S1_L001_R1_001.fastq.gz
Approx 55% complete for MTOP1-BT241-DMSO_S1_L001_R1_001.fastq.gz
Approx 60% complete for MTOP1-BT241-DMSO_S1_L001_R1_001.fastq.gz
Approx 65% complete for MTOP1-BT241-DMSO_S1_L001_R1_001.fastq.gz
Approx 70% complete for MTOP1-BT241-DMSO_S1_L001_R1_001.fastq.gz
Approx 75% complete for MTOP1-BT241-DMSO_S1_L001_R1_001.fastq.gz
Approx 80% complete for MTOP1-BT241-DMSO_S1_L001_R1_001.fastq.gz
Approx 85% complete for MTOP1-BT241-DMSO_S1_L001_R1_001.fastq.gz
Approx 90% complete for MTOP1-BT241-DMSO_S1_L001_R1_001.fastq.gz
Approx 95% complete for MTOP1-BT241-DMSO_S1_L001_R1_001.fastq.gz
Analysis complete for MTOP1-BT241-DMSO_S1_L001_R1_001.fastq.gz
Started analysis of MTOP1-BT241-DMSO_S1_L001_R2_001.fastq.gz
Approx 5% complete for MTOP1-BT241-DMSO_S1_L001_R2_001.fastq.gz
Approx 10% complete for MTOP1-BT241-DMSO_S1_L001_R2_001.fastq.gz
Approx 15% complete for MTOP1-BT241-DMSO_S1_L001_R2_001.fastq.gz
Approx 20% complete for MTOP1-BT241-DMSO_S1_L001_R2_001.fastq.gz
Approx 25% complete for MTOP1-BT241-DMSO_S1_L001_R2_001.fastq.gz
Approx 30% complete for MTOP1-BT241-DMSO_S1_L001_R2_001.fastq.gz
Approx 35% complete for MTOP1-BT241-DMSO_S1_L001_R2_001.fastq.gz
Approx 40% complete for MTOP1-BT241-DMSO_S1_L001_R2_001.fastq.gz
Approx 45% complete for MTOP1-BT241-DMSO_S1_L001_R2_001.fastq.gz
Approx 50% complete for MTOP1-BT241-DMSO_S1_L001_R2_001.fastq.gz
Approx 55% complete for MTOP1-BT241-DMSO_S1_L001_R2_001.fastq.gz
Approx 60% complete for MTOP1-BT241-DMSO_S1_L001_R2_001.fastq.gz
Approx 65% complete for MTOP1-BT241-DMSO_S1_L001_R2_001.fastq.gz
Approx 70% complete for MTOP1-BT241-DMSO_S1_L001_R2_001.fastq.gz
Approx 75% complete for MTOP1-BT241-DMSO_S1_L001_R2_001.fastq.gz
Approx 80% complete for MTOP1-BT241-DMSO_S1_L001_R2_001.fastq.gz
Approx 85% complete for MTOP1-BT241-DMSO_S1_L001_R2_001.fastq.gz
Approx 90% complete for MTOP1-BT241-DMSO_S1_L001_R2_001.fastq.gz
Approx 95% complete for MTOP1-BT241-DMSO_S1_L001_R2_001.fastq.gz
Analysis complete for MTOP1-BT241-DMSO_S1_L001_R2_001.fastq.gz
Started analysis of MTOP20-BT-935-AAVS1_S20_L001_R1_001.fastq.gz
Approx 5% complete for MTOP20-BT-935-AAVS1_S20_L001_R1_001.fastq.gz
Approx 10% complete for MTOP20-BT-935-AAVS1_S20_L001_R1_001.fastq.gz
Approx 15% complete for MTOP20-BT-935-AAVS1_S20_L001_R1_001.fastq.gz
Approx 20% complete for MTOP20-BT-935-AAVS1_S20_L001_R1_001.fastq.gz
Approx 25% complete for MTOP20-BT-935-AAVS1_S20_L001_R1_001.fastq.gz
Approx 30% complete for MTOP20-BT-935-AAVS1_S20_L001_R1_001.fastq.gz
Approx 35% complete for MTOP20-BT-935-AAVS1_S20_L001_R1_001.fastq.gz
Approx 40% complete for MTOP20-BT-935-AAVS1_S20_L001_R1_001.fastq.gz
Approx 45% complete for MTOP20-BT-935-AAVS1_S20_L001_R1_001.fastq.gz
Approx 50% complete for MTOP20-BT-935-AAVS1_S20_L001_R1_001.fastq.gz
Approx 55% complete for MTOP20-BT-935-AAVS1_S20_L001_R1_001.fastq.gz
Approx 60% complete for MTOP20-BT-935-AAVS1_S20_L001_R1_001.fastq.gz
Approx 65% complete for MTOP20-BT-935-AAVS1_S20_L001_R1_001.fastq.gz
Approx 70% complete for MTOP20-BT-935-AAVS1_S20_L001_R1_001.fastq.gz
Approx 75% complete for MTOP20-BT-935-AAVS1_S20_L001_R1_001.fastq.gz
Approx 80% complete for MTOP20-BT-935-AAVS1_S20_L001_R1_001.fastq.gz
Approx 85% complete for MTOP20-BT-935-AAVS1_S20_L001_R1_001.fastq.gz
Approx 90% complete for MTOP20-BT-935-AAVS1_S20_L001_R1_001.fastq.gz
Approx 95% complete for MTOP20-BT-935-AAVS1_S20_L001_R1_001.fastq.gz
Analysis complete for MTOP20-BT-935-AAVS1_S20_L001_R1_001.fastq.gz
Started analysis of MTOP20-BT-935-AAVS1_S20_L001_R2_001.fastq.gz
Approx 5% complete for MTOP20-BT-935-AAVS1_S20_L001_R2_001.fastq.gz
Approx 10% complete for MTOP20-BT-935-AAVS1_S20_L001_R2_001.fastq.gz
Approx 15% complete for MTOP20-BT-935-AAVS1_S20_L001_R2_001.fastq.gz
Approx 20% complete for MTOP20-BT-935-AAVS1_S20_L001_R2_001.fastq.gz
Approx 25% complete for MTOP20-BT-935-AAVS1_S20_L001_R2_001.fastq.gz
Approx 30% complete for MTOP20-BT-935-AAVS1_S20_L001_R2_001.fastq.gz
Approx 35% complete for MTOP20-BT-935-AAVS1_S20_L001_R2_001.fastq.gz
Approx 40% complete for MTOP20-BT-935-AAVS1_S20_L001_R2_001.fastq.gz
Approx 45% complete for MTOP20-BT-935-AAVS1_S20_L001_R2_001.fastq.gz
Approx 50% complete for MTOP20-BT-935-AAVS1_S20_L001_R2_001.fastq.gz
Approx 55% complete for MTOP20-BT-935-AAVS1_S20_L001_R2_001.fastq.gz
Approx 60% complete for MTOP20-BT-935-AAVS1_S20_L001_R2_001.fastq.gz
Approx 65% complete for MTOP20-BT-935-AAVS1_S20_L001_R2_001.fastq.gz
Approx 70% complete for MTOP20-BT-935-AAVS1_S20_L001_R2_001.fastq.gz
Approx 75% complete for MTOP20-BT-935-AAVS1_S20_L001_R2_001.fastq.gz
Approx 80% complete for MTOP20-BT-935-AAVS1_S20_L001_R2_001.fastq.gz
Approx 85% complete for MTOP20-BT-935-AAVS1_S20_L001_R2_001.fastq.gz
Approx 90% complete for MTOP20-BT-935-AAVS1_S20_L001_R2_001.fastq.gz
Approx 95% complete for MTOP20-BT-935-AAVS1_S20_L001_R2_001.fastq.gz
Analysis complete for MTOP20-BT-935-AAVS1_S20_L001_R2_001.fastq.gz
Started analysis of MTOP21-BT-935-AAVS1_S21_L001_R1_001.fastq.gz
Approx 5% complete for MTOP21-BT-935-AAVS1_S21_L001_R1_001.fastq.gz
Approx 10% complete for MTOP21-BT-935-AAVS1_S21_L001_R1_001.fastq.gz
Approx 15% complete for MTOP21-BT-935-AAVS1_S21_L001_R1_001.fastq.gz
Approx 20% complete for MTOP21-BT-935-AAVS1_S21_L001_R1_001.fastq.gz
Approx 25% complete for MTOP21-BT-935-AAVS1_S21_L001_R1_001.fastq.gz
Approx 30% complete for MTOP21-BT-935-AAVS1_S21_L001_R1_001.fastq.gz
Approx 35% complete for MTOP21-BT-935-AAVS1_S21_L001_R1_001.fastq.gz
Approx 40% complete for MTOP21-BT-935-AAVS1_S21_L001_R1_001.fastq.gz
Approx 45% complete for MTOP21-BT-935-AAVS1_S21_L001_R1_001.fastq.gz
Approx 50% complete for MTOP21-BT-935-AAVS1_S21_L001_R1_001.fastq.gz
Approx 55% complete for MTOP21-BT-935-AAVS1_S21_L001_R1_001.fastq.gz
Approx 60% complete for MTOP21-BT-935-AAVS1_S21_L001_R1_001.fastq.gz
Approx 65% complete for MTOP21-BT-935-AAVS1_S21_L001_R1_001.fastq.gz
Approx 70% complete for MTOP21-BT-935-AAVS1_S21_L001_R1_001.fastq.gz
Approx 75% complete for MTOP21-BT-935-AAVS1_S21_L001_R1_001.fastq.gz
Approx 80% complete for MTOP21-BT-935-AAVS1_S21_L001_R1_001.fastq.gz
Approx 85% complete for MTOP21-BT-935-AAVS1_S21_L001_R1_001.fastq.gz
Approx 90% complete for MTOP21-BT-935-AAVS1_S21_L001_R1_001.fastq.gz
Approx 95% complete for MTOP21-BT-935-AAVS1_S21_L001_R1_001.fastq.gz
Analysis complete for MTOP21-BT-935-AAVS1_S21_L001_R1_001.fastq.gz
Started analysis of MTOP21-BT-935-AAVS1_S21_L001_R2_001.fastq.gz
Approx 5% complete for MTOP21-BT-935-AAVS1_S21_L001_R2_001.fastq.gz
Approx 10% complete for MTOP21-BT-935-AAVS1_S21_L001_R2_001.fastq.gz
Approx 15% complete for MTOP21-BT-935-AAVS1_S21_L001_R2_001.fastq.gz
Approx 20% complete for MTOP21-BT-935-AAVS1_S21_L001_R2_001.fastq.gz
Approx 25% complete for MTOP21-BT-935-AAVS1_S21_L001_R2_001.fastq.gz
Approx 30% complete for MTOP21-BT-935-AAVS1_S21_L001_R2_001.fastq.gz
Approx 35% complete for MTOP21-BT-935-AAVS1_S21_L001_R2_001.fastq.gz
Approx 40% complete for MTOP21-BT-935-AAVS1_S21_L001_R2_001.fastq.gz
Approx 45% complete for MTOP21-BT-935-AAVS1_S21_L001_R2_001.fastq.gz
Approx 50% complete for MTOP21-BT-935-AAVS1_S21_L001_R2_001.fastq.gz
Approx 55% complete for MTOP21-BT-935-AAVS1_S21_L001_R2_001.fastq.gz
Approx 60% complete for MTOP21-BT-935-AAVS1_S21_L001_R2_001.fastq.gz
Approx 65% complete for MTOP21-BT-935-AAVS1_S21_L001_R2_001.fastq.gz
Approx 70% complete for MTOP21-BT-935-AAVS1_S21_L001_R2_001.fastq.gz
Approx 75% complete for MTOP21-BT-935-AAVS1_S21_L001_R2_001.fastq.gz
Approx 80% complete for MTOP21-BT-935-AAVS1_S21_L001_R2_001.fastq.gz
Approx 85% complete for MTOP21-BT-935-AAVS1_S21_L001_R2_001.fastq.gz
Approx 90% complete for MTOP21-BT-935-AAVS1_S21_L001_R2_001.fastq.gz
Approx 95% complete for MTOP21-BT-935-AAVS1_S21_L001_R2_001.fastq.gz
Analysis complete for MTOP21-BT-935-AAVS1_S21_L001_R2_001.fastq.gz
Started analysis of MTOP22-BT-935-HTT-4-1_S22_L001_R1_001.fastq.gz
Approx 5% complete for MTOP22-BT-935-HTT-4-1_S22_L001_R1_001.fastq.gz
Approx 10% complete for MTOP22-BT-935-HTT-4-1_S22_L001_R1_001.fastq.gz
Approx 15% complete for MTOP22-BT-935-HTT-4-1_S22_L001_R1_001.fastq.gz
Approx 20% complete for MTOP22-BT-935-HTT-4-1_S22_L001_R1_001.fastq.gz
Approx 25% complete for MTOP22-BT-935-HTT-4-1_S22_L001_R1_001.fastq.gz
Approx 30% complete for MTOP22-BT-935-HTT-4-1_S22_L001_R1_001.fastq.gz
Approx 35% complete for MTOP22-BT-935-HTT-4-1_S22_L001_R1_001.fastq.gz
Approx 40% complete for MTOP22-BT-935-HTT-4-1_S22_L001_R1_001.fastq.gz
Approx 45% complete for MTOP22-BT-935-HTT-4-1_S22_L001_R1_001.fastq.gz
Approx 50% complete for MTOP22-BT-935-HTT-4-1_S22_L001_R1_001.fastq.gz
Approx 55% complete for MTOP22-BT-935-HTT-4-1_S22_L001_R1_001.fastq.gz
Approx 60% complete for MTOP22-BT-935-HTT-4-1_S22_L001_R1_001.fastq.gz
Approx 65% complete for MTOP22-BT-935-HTT-4-1_S22_L001_R1_001.fastq.gz
Approx 70% complete for MTOP22-BT-935-HTT-4-1_S22_L001_R1_001.fastq.gz
Approx 75% complete for MTOP22-BT-935-HTT-4-1_S22_L001_R1_001.fastq.gz
Approx 80% complete for MTOP22-BT-935-HTT-4-1_S22_L001_R1_001.fastq.gz
Approx 85% complete for MTOP22-BT-935-HTT-4-1_S22_L001_R1_001.fastq.gz
Approx 90% complete for MTOP22-BT-935-HTT-4-1_S22_L001_R1_001.fastq.gz
Approx 95% complete for MTOP22-BT-935-HTT-4-1_S22_L001_R1_001.fastq.gz
Analysis complete for MTOP22-BT-935-HTT-4-1_S22_L001_R1_001.fastq.gz
Started analysis of MTOP22-BT-935-HTT-4-1_S22_L001_R2_001.fastq.gz
Approx 5% complete for MTOP22-BT-935-HTT-4-1_S22_L001_R2_001.fastq.gz
Approx 10% complete for MTOP22-BT-935-HTT-4-1_S22_L001_R2_001.fastq.gz
Approx 15% complete for MTOP22-BT-935-HTT-4-1_S22_L001_R2_001.fastq.gz
Approx 20% complete for MTOP22-BT-935-HTT-4-1_S22_L001_R2_001.fastq.gz
Approx 25% complete for MTOP22-BT-935-HTT-4-1_S22_L001_R2_001.fastq.gz
Approx 30% complete for MTOP22-BT-935-HTT-4-1_S22_L001_R2_001.fastq.gz
Approx 35% complete for MTOP22-BT-935-HTT-4-1_S22_L001_R2_001.fastq.gz
Approx 40% complete for MTOP22-BT-935-HTT-4-1_S22_L001_R2_001.fastq.gz
Approx 45% complete for MTOP22-BT-935-HTT-4-1_S22_L001_R2_001.fastq.gz
Approx 50% complete for MTOP22-BT-935-HTT-4-1_S22_L001_R2_001.fastq.gz
Approx 55% complete for MTOP22-BT-935-HTT-4-1_S22_L001_R2_001.fastq.gz
Approx 60% complete for MTOP22-BT-935-HTT-4-1_S22_L001_R2_001.fastq.gz
Approx 65% complete for MTOP22-BT-935-HTT-4-1_S22_L001_R2_001.fastq.gz
Approx 70% complete for MTOP22-BT-935-HTT-4-1_S22_L001_R2_001.fastq.gz
Approx 75% complete for MTOP22-BT-935-HTT-4-1_S22_L001_R2_001.fastq.gz
Approx 80% complete for MTOP22-BT-935-HTT-4-1_S22_L001_R2_001.fastq.gz
Approx 85% complete for MTOP22-BT-935-HTT-4-1_S22_L001_R2_001.fastq.gz
Approx 90% complete for MTOP22-BT-935-HTT-4-1_S22_L001_R2_001.fastq.gz
Approx 95% complete for MTOP22-BT-935-HTT-4-1_S22_L001_R2_001.fastq.gz
Analysis complete for MTOP22-BT-935-HTT-4-1_S22_L001_R2_001.fastq.gz
Started analysis of MTOP23-BT-935-HTT-4-1_S23_L001_R1_001.fastq.gz
Approx 5% complete for MTOP23-BT-935-HTT-4-1_S23_L001_R1_001.fastq.gz
Approx 10% complete for MTOP23-BT-935-HTT-4-1_S23_L001_R1_001.fastq.gz
Approx 15% complete for MTOP23-BT-935-HTT-4-1_S23_L001_R1_001.fastq.gz
Approx 20% complete for MTOP23-BT-935-HTT-4-1_S23_L001_R1_001.fastq.gz
Approx 25% complete for MTOP23-BT-935-HTT-4-1_S23_L001_R1_001.fastq.gz
Approx 30% complete for MTOP23-BT-935-HTT-4-1_S23_L001_R1_001.fastq.gz
Approx 35% complete for MTOP23-BT-935-HTT-4-1_S23_L001_R1_001.fastq.gz
Approx 40% complete for MTOP23-BT-935-HTT-4-1_S23_L001_R1_001.fastq.gz
Approx 45% complete for MTOP23-BT-935-HTT-4-1_S23_L001_R1_001.fastq.gz
Approx 50% complete for MTOP23-BT-935-HTT-4-1_S23_L001_R1_001.fastq.gz
Approx 55% complete for MTOP23-BT-935-HTT-4-1_S23_L001_R1_001.fastq.gz
Approx 60% complete for MTOP23-BT-935-HTT-4-1_S23_L001_R1_001.fastq.gz
Approx 65% complete for MTOP23-BT-935-HTT-4-1_S23_L001_R1_001.fastq.gz
Approx 70% complete for MTOP23-BT-935-HTT-4-1_S23_L001_R1_001.fastq.gz
Approx 75% complete for MTOP23-BT-935-HTT-4-1_S23_L001_R1_001.fastq.gz
Approx 80% complete for MTOP23-BT-935-HTT-4-1_S23_L001_R1_001.fastq.gz
Approx 85% complete for MTOP23-BT-935-HTT-4-1_S23_L001_R1_001.fastq.gz
Approx 90% complete for MTOP23-BT-935-HTT-4-1_S23_L001_R1_001.fastq.gz
Approx 95% complete for MTOP23-BT-935-HTT-4-1_S23_L001_R1_001.fastq.gz
Analysis complete for MTOP23-BT-935-HTT-4-1_S23_L001_R1_001.fastq.gz
Started analysis of MTOP23-BT-935-HTT-4-1_S23_L001_R2_001.fastq.gz
Approx 5% complete for MTOP23-BT-935-HTT-4-1_S23_L001_R2_001.fastq.gz
Approx 10% complete for MTOP23-BT-935-HTT-4-1_S23_L001_R2_001.fastq.gz
Approx 15% complete for MTOP23-BT-935-HTT-4-1_S23_L001_R2_001.fastq.gz
Approx 20% complete for MTOP23-BT-935-HTT-4-1_S23_L001_R2_001.fastq.gz
Approx 25% complete for MTOP23-BT-935-HTT-4-1_S23_L001_R2_001.fastq.gz
Approx 30% complete for MTOP23-BT-935-HTT-4-1_S23_L001_R2_001.fastq.gz
Approx 35% complete for MTOP23-BT-935-HTT-4-1_S23_L001_R2_001.fastq.gz
Approx 40% complete for MTOP23-BT-935-HTT-4-1_S23_L001_R2_001.fastq.gz
Approx 45% complete for MTOP23-BT-935-HTT-4-1_S23_L001_R2_001.fastq.gz
Approx 50% complete for MTOP23-BT-935-HTT-4-1_S23_L001_R2_001.fastq.gz
Approx 55% complete for MTOP23-BT-935-HTT-4-1_S23_L001_R2_001.fastq.gz
Approx 60% complete for MTOP23-BT-935-HTT-4-1_S23_L001_R2_001.fastq.gz
Approx 65% complete for MTOP23-BT-935-HTT-4-1_S23_L001_R2_001.fastq.gz
Approx 70% complete for MTOP23-BT-935-HTT-4-1_S23_L001_R2_001.fastq.gz
Approx 75% complete for MTOP23-BT-935-HTT-4-1_S23_L001_R2_001.fastq.gz
Approx 80% complete for MTOP23-BT-935-HTT-4-1_S23_L001_R2_001.fastq.gz
Approx 85% complete for MTOP23-BT-935-HTT-4-1_S23_L001_R2_001.fastq.gz
Approx 90% complete for MTOP23-BT-935-HTT-4-1_S23_L001_R2_001.fastq.gz
Approx 95% complete for MTOP23-BT-935-HTT-4-1_S23_L001_R2_001.fastq.gz
Analysis complete for MTOP23-BT-935-HTT-4-1_S23_L001_R2_001.fastq.gz
Started analysis of MTOP24-BT-935-HTT-4-1_S24_L001_R1_001.fastq.gz
Approx 5% complete for MTOP24-BT-935-HTT-4-1_S24_L001_R1_001.fastq.gz
Approx 10% complete for MTOP24-BT-935-HTT-4-1_S24_L001_R1_001.fastq.gz
Approx 15% complete for MTOP24-BT-935-HTT-4-1_S24_L001_R1_001.fastq.gz
Approx 20% complete for MTOP24-BT-935-HTT-4-1_S24_L001_R1_001.fastq.gz
Approx 25% complete for MTOP24-BT-935-HTT-4-1_S24_L001_R1_001.fastq.gz
Approx 30% complete for MTOP24-BT-935-HTT-4-1_S24_L001_R1_001.fastq.gz
Approx 35% complete for MTOP24-BT-935-HTT-4-1_S24_L001_R1_001.fastq.gz
Approx 40% complete for MTOP24-BT-935-HTT-4-1_S24_L001_R1_001.fastq.gz
Approx 45% complete for MTOP24-BT-935-HTT-4-1_S24_L001_R1_001.fastq.gz
Approx 50% complete for MTOP24-BT-935-HTT-4-1_S24_L001_R1_001.fastq.gz
Approx 55% complete for MTOP24-BT-935-HTT-4-1_S24_L001_R1_001.fastq.gz
Approx 60% complete for MTOP24-BT-935-HTT-4-1_S24_L001_R1_001.fastq.gz
Approx 65% complete for MTOP24-BT-935-HTT-4-1_S24_L001_R1_001.fastq.gz
Approx 70% complete for MTOP24-BT-935-HTT-4-1_S24_L001_R1_001.fastq.gz
Approx 75% complete for MTOP24-BT-935-HTT-4-1_S24_L001_R1_001.fastq.gz
Approx 80% complete for MTOP24-BT-935-HTT-4-1_S24_L001_R1_001.fastq.gz
Approx 85% complete for MTOP24-BT-935-HTT-4-1_S24_L001_R1_001.fastq.gz
Approx 90% complete for MTOP24-BT-935-HTT-4-1_S24_L001_R1_001.fastq.gz
Approx 95% complete for MTOP24-BT-935-HTT-4-1_S24_L001_R1_001.fastq.gz
Analysis complete for MTOP24-BT-935-HTT-4-1_S24_L001_R1_001.fastq.gz
Started analysis of MTOP24-BT-935-HTT-4-1_S24_L001_R2_001.fastq.gz
Approx 5% complete for MTOP24-BT-935-HTT-4-1_S24_L001_R2_001.fastq.gz
Approx 10% complete for MTOP24-BT-935-HTT-4-1_S24_L001_R2_001.fastq.gz
Approx 15% complete for MTOP24-BT-935-HTT-4-1_S24_L001_R2_001.fastq.gz
Approx 20% complete for MTOP24-BT-935-HTT-4-1_S24_L001_R2_001.fastq.gz
Approx 25% complete for MTOP24-BT-935-HTT-4-1_S24_L001_R2_001.fastq.gz
Approx 30% complete for MTOP24-BT-935-HTT-4-1_S24_L001_R2_001.fastq.gz
Approx 35% complete for MTOP24-BT-935-HTT-4-1_S24_L001_R2_001.fastq.gz
Approx 40% complete for MTOP24-BT-935-HTT-4-1_S24_L001_R2_001.fastq.gz
Approx 45% complete for MTOP24-BT-935-HTT-4-1_S24_L001_R2_001.fastq.gz
Approx 50% complete for MTOP24-BT-935-HTT-4-1_S24_L001_R2_001.fastq.gz
Approx 55% complete for MTOP24-BT-935-HTT-4-1_S24_L001_R2_001.fastq.gz
Approx 60% complete for MTOP24-BT-935-HTT-4-1_S24_L001_R2_001.fastq.gz
Approx 65% complete for MTOP24-BT-935-HTT-4-1_S24_L001_R2_001.fastq.gz
Approx 70% complete for MTOP24-BT-935-HTT-4-1_S24_L001_R2_001.fastq.gz
Approx 75% complete for MTOP24-BT-935-HTT-4-1_S24_L001_R2_001.fastq.gz
Approx 80% complete for MTOP24-BT-935-HTT-4-1_S24_L001_R2_001.fastq.gz
Approx 85% complete for MTOP24-BT-935-HTT-4-1_S24_L001_R2_001.fastq.gz
Approx 90% complete for MTOP24-BT-935-HTT-4-1_S24_L001_R2_001.fastq.gz
Approx 95% complete for MTOP24-BT-935-HTT-4-1_S24_L001_R2_001.fastq.gz
Analysis complete for MTOP24-BT-935-HTT-4-1_S24_L001_R2_001.fastq.gz
Started analysis of MTOP2-BT241-DMSO_S2_L001_R1_001.fastq.gz
Approx 5% complete for MTOP2-BT241-DMSO_S2_L001_R1_001.fastq.gz
Approx 10% complete for MTOP2-BT241-DMSO_S2_L001_R1_001.fastq.gz
Approx 15% complete for MTOP2-BT241-DMSO_S2_L001_R1_001.fastq.gz
Approx 20% complete for MTOP2-BT241-DMSO_S2_L001_R1_001.fastq.gz
Approx 25% complete for MTOP2-BT241-DMSO_S2_L001_R1_001.fastq.gz
Approx 30% complete for MTOP2-BT241-DMSO_S2_L001_R1_001.fastq.gz
Approx 35% complete for MTOP2-BT241-DMSO_S2_L001_R1_001.fastq.gz
Approx 40% complete for MTOP2-BT241-DMSO_S2_L001_R1_001.fastq.gz
Approx 45% complete for MTOP2-BT241-DMSO_S2_L001_R1_001.fastq.gz
Approx 50% complete for MTOP2-BT241-DMSO_S2_L001_R1_001.fastq.gz
Approx 55% complete for MTOP2-BT241-DMSO_S2_L001_R1_001.fastq.gz
Approx 60% complete for MTOP2-BT241-DMSO_S2_L001_R1_001.fastq.gz
Approx 65% complete for MTOP2-BT241-DMSO_S2_L001_R1_001.fastq.gz
Approx 70% complete for MTOP2-BT241-DMSO_S2_L001_R1_001.fastq.gz
Approx 75% complete for MTOP2-BT241-DMSO_S2_L001_R1_001.fastq.gz
Approx 80% complete for MTOP2-BT241-DMSO_S2_L001_R1_001.fastq.gz
Approx 85% complete for MTOP2-BT241-DMSO_S2_L001_R1_001.fastq.gz
Approx 90% complete for MTOP2-BT241-DMSO_S2_L001_R1_001.fastq.gz
Approx 95% complete for MTOP2-BT241-DMSO_S2_L001_R1_001.fastq.gz
Analysis complete for MTOP2-BT241-DMSO_S2_L001_R1_001.fastq.gz
Started analysis of MTOP2-BT241-DMSO_S2_L001_R2_001.fastq.gz
Approx 5% complete for MTOP2-BT241-DMSO_S2_L001_R2_001.fastq.gz
Approx 10% complete for MTOP2-BT241-DMSO_S2_L001_R2_001.fastq.gz
Approx 15% complete for MTOP2-BT241-DMSO_S2_L001_R2_001.fastq.gz
Approx 20% complete for MTOP2-BT241-DMSO_S2_L001_R2_001.fastq.gz
Approx 25% complete for MTOP2-BT241-DMSO_S2_L001_R2_001.fastq.gz
Approx 30% complete for MTOP2-BT241-DMSO_S2_L001_R2_001.fastq.gz
Approx 35% complete for MTOP2-BT241-DMSO_S2_L001_R2_001.fastq.gz
Approx 40% complete for MTOP2-BT241-DMSO_S2_L001_R2_001.fastq.gz
Approx 45% complete for MTOP2-BT241-DMSO_S2_L001_R2_001.fastq.gz
Approx 50% complete for MTOP2-BT241-DMSO_S2_L001_R2_001.fastq.gz
Approx 55% complete for MTOP2-BT241-DMSO_S2_L001_R2_001.fastq.gz
Approx 60% complete for MTOP2-BT241-DMSO_S2_L001_R2_001.fastq.gz
Approx 65% complete for MTOP2-BT241-DMSO_S2_L001_R2_001.fastq.gz
Approx 70% complete for MTOP2-BT241-DMSO_S2_L001_R2_001.fastq.gz
Approx 75% complete for MTOP2-BT241-DMSO_S2_L001_R2_001.fastq.gz
Approx 80% complete for MTOP2-BT241-DMSO_S2_L001_R2_001.fastq.gz
Approx 85% complete for MTOP2-BT241-DMSO_S2_L001_R2_001.fastq.gz
Approx 90% complete for MTOP2-BT241-DMSO_S2_L001_R2_001.fastq.gz
Approx 95% complete for MTOP2-BT241-DMSO_S2_L001_R2_001.fastq.gz
Analysis complete for MTOP2-BT241-DMSO_S2_L001_R2_001.fastq.gz
Started analysis of MTOP3-BT241-DMSO_S3_L001_R1_001.fastq.gz
Approx 5% complete for MTOP3-BT241-DMSO_S3_L001_R1_001.fastq.gz
Approx 10% complete for MTOP3-BT241-DMSO_S3_L001_R1_001.fastq.gz
Approx 15% complete for MTOP3-BT241-DMSO_S3_L001_R1_001.fastq.gz
Approx 20% complete for MTOP3-BT241-DMSO_S3_L001_R1_001.fastq.gz
Approx 25% complete for MTOP3-BT241-DMSO_S3_L001_R1_001.fastq.gz
Approx 30% complete for MTOP3-BT241-DMSO_S3_L001_R1_001.fastq.gz
Approx 35% complete for MTOP3-BT241-DMSO_S3_L001_R1_001.fastq.gz
Approx 40% complete for MTOP3-BT241-DMSO_S3_L001_R1_001.fastq.gz
Approx 45% complete for MTOP3-BT241-DMSO_S3_L001_R1_001.fastq.gz
Approx 50% complete for MTOP3-BT241-DMSO_S3_L001_R1_001.fastq.gz
Approx 55% complete for MTOP3-BT241-DMSO_S3_L001_R1_001.fastq.gz
Approx 60% complete for MTOP3-BT241-DMSO_S3_L001_R1_001.fastq.gz
Approx 65% complete for MTOP3-BT241-DMSO_S3_L001_R1_001.fastq.gz
Approx 70% complete for MTOP3-BT241-DMSO_S3_L001_R1_001.fastq.gz
Approx 75% complete for MTOP3-BT241-DMSO_S3_L001_R1_001.fastq.gz
Approx 80% complete for MTOP3-BT241-DMSO_S3_L001_R1_001.fastq.gz
Approx 85% complete for MTOP3-BT241-DMSO_S3_L001_R1_001.fastq.gz
Approx 90% complete for MTOP3-BT241-DMSO_S3_L001_R1_001.fastq.gz
Approx 95% complete for MTOP3-BT241-DMSO_S3_L001_R1_001.fastq.gz
Analysis complete for MTOP3-BT241-DMSO_S3_L001_R1_001.fastq.gz
Started analysis of MTOP3-BT241-DMSO_S3_L001_R2_001.fastq.gz
Approx 5% complete for MTOP3-BT241-DMSO_S3_L001_R2_001.fastq.gz
Approx 10% complete for MTOP3-BT241-DMSO_S3_L001_R2_001.fastq.gz
Approx 15% complete for MTOP3-BT241-DMSO_S3_L001_R2_001.fastq.gz
Approx 20% complete for MTOP3-BT241-DMSO_S3_L001_R2_001.fastq.gz
Approx 25% complete for MTOP3-BT241-DMSO_S3_L001_R2_001.fastq.gz
Approx 30% complete for MTOP3-BT241-DMSO_S3_L001_R2_001.fastq.gz
Approx 35% complete for MTOP3-BT241-DMSO_S3_L001_R2_001.fastq.gz
Approx 40% complete for MTOP3-BT241-DMSO_S3_L001_R2_001.fastq.gz
Approx 45% complete for MTOP3-BT241-DMSO_S3_L001_R2_001.fastq.gz
Approx 50% complete for MTOP3-BT241-DMSO_S3_L001_R2_001.fastq.gz
Approx 55% complete for MTOP3-BT241-DMSO_S3_L001_R2_001.fastq.gz
Approx 60% complete for MTOP3-BT241-DMSO_S3_L001_R2_001.fastq.gz
Approx 65% complete for MTOP3-BT241-DMSO_S3_L001_R2_001.fastq.gz
Approx 70% complete for MTOP3-BT241-DMSO_S3_L001_R2_001.fastq.gz
Approx 75% complete for MTOP3-BT241-DMSO_S3_L001_R2_001.fastq.gz
Approx 80% complete for MTOP3-BT241-DMSO_S3_L001_R2_001.fastq.gz
Approx 85% complete for MTOP3-BT241-DMSO_S3_L001_R2_001.fastq.gz
Approx 90% complete for MTOP3-BT241-DMSO_S3_L001_R2_001.fastq.gz
Approx 95% complete for MTOP3-BT241-DMSO_S3_L001_R2_001.fastq.gz
Analysis complete for MTOP3-BT241-DMSO_S3_L001_R2_001.fastq.gz
Started analysis of MTOP4-BT-241-Bramaplam_S4_L001_R1_001.fastq.gz
Approx 5% complete for MTOP4-BT-241-Bramaplam_S4_L001_R1_001.fastq.gz
Approx 10% complete for MTOP4-BT-241-Bramaplam_S4_L001_R1_001.fastq.gz
Approx 15% complete for MTOP4-BT-241-Bramaplam_S4_L001_R1_001.fastq.gz
Approx 20% complete for MTOP4-BT-241-Bramaplam_S4_L001_R1_001.fastq.gz
Approx 25% complete for MTOP4-BT-241-Bramaplam_S4_L001_R1_001.fastq.gz
Approx 30% complete for MTOP4-BT-241-Bramaplam_S4_L001_R1_001.fastq.gz
Approx 35% complete for MTOP4-BT-241-Bramaplam_S4_L001_R1_001.fastq.gz
Approx 40% complete for MTOP4-BT-241-Bramaplam_S4_L001_R1_001.fastq.gz
Approx 45% complete for MTOP4-BT-241-Bramaplam_S4_L001_R1_001.fastq.gz
Approx 50% complete for MTOP4-BT-241-Bramaplam_S4_L001_R1_001.fastq.gz
Approx 55% complete for MTOP4-BT-241-Bramaplam_S4_L001_R1_001.fastq.gz
Approx 60% complete for MTOP4-BT-241-Bramaplam_S4_L001_R1_001.fastq.gz
Approx 65% complete for MTOP4-BT-241-Bramaplam_S4_L001_R1_001.fastq.gz
Approx 70% complete for MTOP4-BT-241-Bramaplam_S4_L001_R1_001.fastq.gz
Approx 75% complete for MTOP4-BT-241-Bramaplam_S4_L001_R1_001.fastq.gz
Approx 80% complete for MTOP4-BT-241-Bramaplam_S4_L001_R1_001.fastq.gz
Approx 85% complete for MTOP4-BT-241-Bramaplam_S4_L001_R1_001.fastq.gz
Approx 90% complete for MTOP4-BT-241-Bramaplam_S4_L001_R1_001.fastq.gz
Approx 95% complete for MTOP4-BT-241-Bramaplam_S4_L001_R1_001.fastq.gz
Analysis complete for MTOP4-BT-241-Bramaplam_S4_L001_R1_001.fastq.gz
Started analysis of MTOP4-BT-241-Bramaplam_S4_L001_R2_001.fastq.gz
Approx 5% complete for MTOP4-BT-241-Bramaplam_S4_L001_R2_001.fastq.gz
Approx 10% complete for MTOP4-BT-241-Bramaplam_S4_L001_R2_001.fastq.gz
Approx 15% complete for MTOP4-BT-241-Bramaplam_S4_L001_R2_001.fastq.gz
Approx 20% complete for MTOP4-BT-241-Bramaplam_S4_L001_R2_001.fastq.gz
Approx 25% complete for MTOP4-BT-241-Bramaplam_S4_L001_R2_001.fastq.gz
Approx 30% complete for MTOP4-BT-241-Bramaplam_S4_L001_R2_001.fastq.gz
Approx 35% complete for MTOP4-BT-241-Bramaplam_S4_L001_R2_001.fastq.gz
Approx 40% complete for MTOP4-BT-241-Bramaplam_S4_L001_R2_001.fastq.gz
Approx 45% complete for MTOP4-BT-241-Bramaplam_S4_L001_R2_001.fastq.gz
Approx 50% complete for MTOP4-BT-241-Bramaplam_S4_L001_R2_001.fastq.gz
Approx 55% complete for MTOP4-BT-241-Bramaplam_S4_L001_R2_001.fastq.gz
Approx 60% complete for MTOP4-BT-241-Bramaplam_S4_L001_R2_001.fastq.gz
Approx 65% complete for MTOP4-BT-241-Bramaplam_S4_L001_R2_001.fastq.gz
Approx 70% complete for MTOP4-BT-241-Bramaplam_S4_L001_R2_001.fastq.gz
Approx 75% complete for MTOP4-BT-241-Bramaplam_S4_L001_R2_001.fastq.gz
Approx 80% complete for MTOP4-BT-241-Bramaplam_S4_L001_R2_001.fastq.gz
Approx 85% complete for MTOP4-BT-241-Bramaplam_S4_L001_R2_001.fastq.gz
Approx 90% complete for MTOP4-BT-241-Bramaplam_S4_L001_R2_001.fastq.gz
Approx 95% complete for MTOP4-BT-241-Bramaplam_S4_L001_R2_001.fastq.gz
Analysis complete for MTOP4-BT-241-Bramaplam_S4_L001_R2_001.fastq.gz
Started analysis of MTOP5-BT-241-Bramaplam_S5_L001_R1_001.fastq.gz
Approx 5% complete for MTOP5-BT-241-Bramaplam_S5_L001_R1_001.fastq.gz
Approx 10% complete for MTOP5-BT-241-Bramaplam_S5_L001_R1_001.fastq.gz
Approx 15% complete for MTOP5-BT-241-Bramaplam_S5_L001_R1_001.fastq.gz
Approx 20% complete for MTOP5-BT-241-Bramaplam_S5_L001_R1_001.fastq.gz
Approx 25% complete for MTOP5-BT-241-Bramaplam_S5_L001_R1_001.fastq.gz
Approx 30% complete for MTOP5-BT-241-Bramaplam_S5_L001_R1_001.fastq.gz
Approx 35% complete for MTOP5-BT-241-Bramaplam_S5_L001_R1_001.fastq.gz
Approx 40% complete for MTOP5-BT-241-Bramaplam_S5_L001_R1_001.fastq.gz
Approx 45% complete for MTOP5-BT-241-Bramaplam_S5_L001_R1_001.fastq.gz
Approx 50% complete for MTOP5-BT-241-Bramaplam_S5_L001_R1_001.fastq.gz
Approx 55% complete for MTOP5-BT-241-Bramaplam_S5_L001_R1_001.fastq.gz
Approx 60% complete for MTOP5-BT-241-Bramaplam_S5_L001_R1_001.fastq.gz
Approx 65% complete for MTOP5-BT-241-Bramaplam_S5_L001_R1_001.fastq.gz
Approx 70% complete for MTOP5-BT-241-Bramaplam_S5_L001_R1_001.fastq.gz
Approx 75% complete for MTOP5-BT-241-Bramaplam_S5_L001_R1_001.fastq.gz
Approx 80% complete for MTOP5-BT-241-Bramaplam_S5_L001_R1_001.fastq.gz
Approx 85% complete for MTOP5-BT-241-Bramaplam_S5_L001_R1_001.fastq.gz
Approx 90% complete for MTOP5-BT-241-Bramaplam_S5_L001_R1_001.fastq.gz
Approx 95% complete for MTOP5-BT-241-Bramaplam_S5_L001_R1_001.fastq.gz
Analysis complete for MTOP5-BT-241-Bramaplam_S5_L001_R1_001.fastq.gz
Started analysis of MTOP5-BT-241-Bramaplam_S5_L001_R2_001.fastq.gz
Approx 5% complete for MTOP5-BT-241-Bramaplam_S5_L001_R2_001.fastq.gz
Approx 10% complete for MTOP5-BT-241-Bramaplam_S5_L001_R2_001.fastq.gz
Approx 15% complete for MTOP5-BT-241-Bramaplam_S5_L001_R2_001.fastq.gz
Approx 20% complete for MTOP5-BT-241-Bramaplam_S5_L001_R2_001.fastq.gz
Approx 25% complete for MTOP5-BT-241-Bramaplam_S5_L001_R2_001.fastq.gz
Approx 30% complete for MTOP5-BT-241-Bramaplam_S5_L001_R2_001.fastq.gz
Approx 35% complete for MTOP5-BT-241-Bramaplam_S5_L001_R2_001.fastq.gz
Approx 40% complete for MTOP5-BT-241-Bramaplam_S5_L001_R2_001.fastq.gz
Approx 45% complete for MTOP5-BT-241-Bramaplam_S5_L001_R2_001.fastq.gz
Approx 50% complete for MTOP5-BT-241-Bramaplam_S5_L001_R2_001.fastq.gz
Approx 55% complete for MTOP5-BT-241-Bramaplam_S5_L001_R2_001.fastq.gz
Approx 60% complete for MTOP5-BT-241-Bramaplam_S5_L001_R2_001.fastq.gz
Approx 65% complete for MTOP5-BT-241-Bramaplam_S5_L001_R2_001.fastq.gz
Approx 70% complete for MTOP5-BT-241-Bramaplam_S5_L001_R2_001.fastq.gz
Approx 75% complete for MTOP5-BT-241-Bramaplam_S5_L001_R2_001.fastq.gz
Approx 80% complete for MTOP5-BT-241-Bramaplam_S5_L001_R2_001.fastq.gz
Approx 85% complete for MTOP5-BT-241-Bramaplam_S5_L001_R2_001.fastq.gz
Approx 90% complete for MTOP5-BT-241-Bramaplam_S5_L001_R2_001.fastq.gz
Approx 95% complete for MTOP5-BT-241-Bramaplam_S5_L001_R2_001.fastq.gz
Analysis complete for MTOP5-BT-241-Bramaplam_S5_L001_R2_001.fastq.gz
Started analysis of MTOP6-BT-241-Bramaplam_S6_L001_R1_001.fastq.gz
Approx 5% complete for MTOP6-BT-241-Bramaplam_S6_L001_R1_001.fastq.gz
Approx 10% complete for MTOP6-BT-241-Bramaplam_S6_L001_R1_001.fastq.gz
Approx 15% complete for MTOP6-BT-241-Bramaplam_S6_L001_R1_001.fastq.gz
Approx 20% complete for MTOP6-BT-241-Bramaplam_S6_L001_R1_001.fastq.gz
Approx 25% complete for MTOP6-BT-241-Bramaplam_S6_L001_R1_001.fastq.gz
Approx 30% complete for MTOP6-BT-241-Bramaplam_S6_L001_R1_001.fastq.gz
Approx 35% complete for MTOP6-BT-241-Bramaplam_S6_L001_R1_001.fastq.gz
Approx 40% complete for MTOP6-BT-241-Bramaplam_S6_L001_R1_001.fastq.gz
Approx 45% complete for MTOP6-BT-241-Bramaplam_S6_L001_R1_001.fastq.gz
Approx 50% complete for MTOP6-BT-241-Bramaplam_S6_L001_R1_001.fastq.gz
Approx 55% complete for MTOP6-BT-241-Bramaplam_S6_L001_R1_001.fastq.gz
Approx 60% complete for MTOP6-BT-241-Bramaplam_S6_L001_R1_001.fastq.gz
Approx 65% complete for MTOP6-BT-241-Bramaplam_S6_L001_R1_001.fastq.gz
Approx 70% complete for MTOP6-BT-241-Bramaplam_S6_L001_R1_001.fastq.gz
Approx 75% complete for MTOP6-BT-241-Bramaplam_S6_L001_R1_001.fastq.gz
Approx 80% complete for MTOP6-BT-241-Bramaplam_S6_L001_R1_001.fastq.gz
Approx 85% complete for MTOP6-BT-241-Bramaplam_S6_L001_R1_001.fastq.gz
Approx 90% complete for MTOP6-BT-241-Bramaplam_S6_L001_R1_001.fastq.gz
Approx 95% complete for MTOP6-BT-241-Bramaplam_S6_L001_R1_001.fastq.gz
Analysis complete for MTOP6-BT-241-Bramaplam_S6_L001_R1_001.fastq.gz
Started analysis of MTOP6-BT-241-Bramaplam_S6_L001_R2_001.fastq.gz
Approx 5% complete for MTOP6-BT-241-Bramaplam_S6_L001_R2_001.fastq.gz
Approx 10% complete for MTOP6-BT-241-Bramaplam_S6_L001_R2_001.fastq.gz
Approx 15% complete for MTOP6-BT-241-Bramaplam_S6_L001_R2_001.fastq.gz
Approx 20% complete for MTOP6-BT-241-Bramaplam_S6_L001_R2_001.fastq.gz
Approx 25% complete for MTOP6-BT-241-Bramaplam_S6_L001_R2_001.fastq.gz
Approx 30% complete for MTOP6-BT-241-Bramaplam_S6_L001_R2_001.fastq.gz
Approx 35% complete for MTOP6-BT-241-Bramaplam_S6_L001_R2_001.fastq.gz
Approx 40% complete for MTOP6-BT-241-Bramaplam_S6_L001_R2_001.fastq.gz
Approx 45% complete for MTOP6-BT-241-Bramaplam_S6_L001_R2_001.fastq.gz
Approx 50% complete for MTOP6-BT-241-Bramaplam_S6_L001_R2_001.fastq.gz
Approx 55% complete for MTOP6-BT-241-Bramaplam_S6_L001_R2_001.fastq.gz
Approx 60% complete for MTOP6-BT-241-Bramaplam_S6_L001_R2_001.fastq.gz
Approx 65% complete for MTOP6-BT-241-Bramaplam_S6_L001_R2_001.fastq.gz
Approx 70% complete for MTOP6-BT-241-Bramaplam_S6_L001_R2_001.fastq.gz
Approx 75% complete for MTOP6-BT-241-Bramaplam_S6_L001_R2_001.fastq.gz
Approx 80% complete for MTOP6-BT-241-Bramaplam_S6_L001_R2_001.fastq.gz
Approx 85% complete for MTOP6-BT-241-Bramaplam_S6_L001_R2_001.fastq.gz
Approx 90% complete for MTOP6-BT-241-Bramaplam_S6_L001_R2_001.fastq.gz
Approx 95% complete for MTOP6-BT-241-Bramaplam_S6_L001_R2_001.fastq.gz
Analysis complete for MTOP6-BT-241-Bramaplam_S6_L001_R2_001.fastq.gz
Started analysis of MTOP7-BT-972-AAVS1_S7_L001_R1_001.fastq.gz
Approx 5% complete for MTOP7-BT-972-AAVS1_S7_L001_R1_001.fastq.gz
Approx 10% complete for MTOP7-BT-972-AAVS1_S7_L001_R1_001.fastq.gz
Approx 15% complete for MTOP7-BT-972-AAVS1_S7_L001_R1_001.fastq.gz
Approx 20% complete for MTOP7-BT-972-AAVS1_S7_L001_R1_001.fastq.gz
Approx 25% complete for MTOP7-BT-972-AAVS1_S7_L001_R1_001.fastq.gz
Approx 30% complete for MTOP7-BT-972-AAVS1_S7_L001_R1_001.fastq.gz
Approx 35% complete for MTOP7-BT-972-AAVS1_S7_L001_R1_001.fastq.gz
Approx 40% complete for MTOP7-BT-972-AAVS1_S7_L001_R1_001.fastq.gz
Approx 45% complete for MTOP7-BT-972-AAVS1_S7_L001_R1_001.fastq.gz
Approx 50% complete for MTOP7-BT-972-AAVS1_S7_L001_R1_001.fastq.gz
Approx 55% complete for MTOP7-BT-972-AAVS1_S7_L001_R1_001.fastq.gz
Approx 60% complete for MTOP7-BT-972-AAVS1_S7_L001_R1_001.fastq.gz
Approx 65% complete for MTOP7-BT-972-AAVS1_S7_L001_R1_001.fastq.gz
Approx 70% complete for MTOP7-BT-972-AAVS1_S7_L001_R1_001.fastq.gz
Approx 75% complete for MTOP7-BT-972-AAVS1_S7_L001_R1_001.fastq.gz
Approx 80% complete for MTOP7-BT-972-AAVS1_S7_L001_R1_001.fastq.gz
Approx 85% complete for MTOP7-BT-972-AAVS1_S7_L001_R1_001.fastq.gz
Approx 90% complete for MTOP7-BT-972-AAVS1_S7_L001_R1_001.fastq.gz
Approx 95% complete for MTOP7-BT-972-AAVS1_S7_L001_R1_001.fastq.gz
Analysis complete for MTOP7-BT-972-AAVS1_S7_L001_R1_001.fastq.gz
Started analysis of MTOP7-BT-972-AAVS1_S7_L001_R2_001.fastq.gz
Approx 5% complete for MTOP7-BT-972-AAVS1_S7_L001_R2_001.fastq.gz
Approx 10% complete for MTOP7-BT-972-AAVS1_S7_L001_R2_001.fastq.gz
Approx 15% complete for MTOP7-BT-972-AAVS1_S7_L001_R2_001.fastq.gz
Approx 20% complete for MTOP7-BT-972-AAVS1_S7_L001_R2_001.fastq.gz
Approx 25% complete for MTOP7-BT-972-AAVS1_S7_L001_R2_001.fastq.gz
Approx 30% complete for MTOP7-BT-972-AAVS1_S7_L001_R2_001.fastq.gz
Approx 35% complete for MTOP7-BT-972-AAVS1_S7_L001_R2_001.fastq.gz
Approx 40% complete for MTOP7-BT-972-AAVS1_S7_L001_R2_001.fastq.gz
Approx 45% complete for MTOP7-BT-972-AAVS1_S7_L001_R2_001.fastq.gz
Approx 50% complete for MTOP7-BT-972-AAVS1_S7_L001_R2_001.fastq.gz
Approx 55% complete for MTOP7-BT-972-AAVS1_S7_L001_R2_001.fastq.gz
Approx 60% complete for MTOP7-BT-972-AAVS1_S7_L001_R2_001.fastq.gz
Approx 65% complete for MTOP7-BT-972-AAVS1_S7_L001_R2_001.fastq.gz
Approx 70% complete for MTOP7-BT-972-AAVS1_S7_L001_R2_001.fastq.gz
Approx 75% complete for MTOP7-BT-972-AAVS1_S7_L001_R2_001.fastq.gz
Approx 80% complete for MTOP7-BT-972-AAVS1_S7_L001_R2_001.fastq.gz
Approx 85% complete for MTOP7-BT-972-AAVS1_S7_L001_R2_001.fastq.gz
Approx 90% complete for MTOP7-BT-972-AAVS1_S7_L001_R2_001.fastq.gz
Approx 95% complete for MTOP7-BT-972-AAVS1_S7_L001_R2_001.fastq.gz
Analysis complete for MTOP7-BT-972-AAVS1_S7_L001_R2_001.fastq.gz
Started analysis of MTOP8-BT-972-AAVS1_S8_L001_R1_001.fastq.gz
Approx 5% complete for MTOP8-BT-972-AAVS1_S8_L001_R1_001.fastq.gz
Approx 10% complete for MTOP8-BT-972-AAVS1_S8_L001_R1_001.fastq.gz
Approx 15% complete for MTOP8-BT-972-AAVS1_S8_L001_R1_001.fastq.gz
Approx 20% complete for MTOP8-BT-972-AAVS1_S8_L001_R1_001.fastq.gz
Approx 25% complete for MTOP8-BT-972-AAVS1_S8_L001_R1_001.fastq.gz
Approx 30% complete for MTOP8-BT-972-AAVS1_S8_L001_R1_001.fastq.gz
Approx 35% complete for MTOP8-BT-972-AAVS1_S8_L001_R1_001.fastq.gz
Approx 40% complete for MTOP8-BT-972-AAVS1_S8_L001_R1_001.fastq.gz
Approx 45% complete for MTOP8-BT-972-AAVS1_S8_L001_R1_001.fastq.gz
Approx 50% complete for MTOP8-BT-972-AAVS1_S8_L001_R1_001.fastq.gz
Approx 55% complete for MTOP8-BT-972-AAVS1_S8_L001_R1_001.fastq.gz
Approx 60% complete for MTOP8-BT-972-AAVS1_S8_L001_R1_001.fastq.gz
Approx 65% complete for MTOP8-BT-972-AAVS1_S8_L001_R1_001.fastq.gz
Approx 70% complete for MTOP8-BT-972-AAVS1_S8_L001_R1_001.fastq.gz
Approx 75% complete for MTOP8-BT-972-AAVS1_S8_L001_R1_001.fastq.gz
Approx 80% complete for MTOP8-BT-972-AAVS1_S8_L001_R1_001.fastq.gz
Approx 85% complete for MTOP8-BT-972-AAVS1_S8_L001_R1_001.fastq.gz
Approx 90% complete for MTOP8-BT-972-AAVS1_S8_L001_R1_001.fastq.gz
Approx 95% complete for MTOP8-BT-972-AAVS1_S8_L001_R1_001.fastq.gz
Analysis complete for MTOP8-BT-972-AAVS1_S8_L001_R1_001.fastq.gz
Started analysis of MTOP8-BT-972-AAVS1_S8_L001_R2_001.fastq.gz
Approx 5% complete for MTOP8-BT-972-AAVS1_S8_L001_R2_001.fastq.gz
Approx 10% complete for MTOP8-BT-972-AAVS1_S8_L001_R2_001.fastq.gz
Approx 15% complete for MTOP8-BT-972-AAVS1_S8_L001_R2_001.fastq.gz
Approx 20% complete for MTOP8-BT-972-AAVS1_S8_L001_R2_001.fastq.gz
Approx 25% complete for MTOP8-BT-972-AAVS1_S8_L001_R2_001.fastq.gz
Approx 30% complete for MTOP8-BT-972-AAVS1_S8_L001_R2_001.fastq.gz
Approx 35% complete for MTOP8-BT-972-AAVS1_S8_L001_R2_001.fastq.gz
Approx 40% complete for MTOP8-BT-972-AAVS1_S8_L001_R2_001.fastq.gz
Approx 45% complete for MTOP8-BT-972-AAVS1_S8_L001_R2_001.fastq.gz
Approx 50% complete for MTOP8-BT-972-AAVS1_S8_L001_R2_001.fastq.gz
Approx 55% complete for MTOP8-BT-972-AAVS1_S8_L001_R2_001.fastq.gz
Approx 60% complete for MTOP8-BT-972-AAVS1_S8_L001_R2_001.fastq.gz
Approx 65% complete for MTOP8-BT-972-AAVS1_S8_L001_R2_001.fastq.gz
Approx 70% complete for MTOP8-BT-972-AAVS1_S8_L001_R2_001.fastq.gz
Approx 75% complete for MTOP8-BT-972-AAVS1_S8_L001_R2_001.fastq.gz
Approx 80% complete for MTOP8-BT-972-AAVS1_S8_L001_R2_001.fastq.gz
Approx 85% complete for MTOP8-BT-972-AAVS1_S8_L001_R2_001.fastq.gz
Approx 90% complete for MTOP8-BT-972-AAVS1_S8_L001_R2_001.fastq.gz
Approx 95% complete for MTOP8-BT-972-AAVS1_S8_L001_R2_001.fastq.gz
Analysis complete for MTOP8-BT-972-AAVS1_S8_L001_R2_001.fastq.gz
Started analysis of MTOP9-BT-972-AAVS1_S9_L001_R1_001.fastq.gz
Approx 5% complete for MTOP9-BT-972-AAVS1_S9_L001_R1_001.fastq.gz
Approx 10% complete for MTOP9-BT-972-AAVS1_S9_L001_R1_001.fastq.gz
Approx 15% complete for MTOP9-BT-972-AAVS1_S9_L001_R1_001.fastq.gz
Approx 20% complete for MTOP9-BT-972-AAVS1_S9_L001_R1_001.fastq.gz
Approx 25% complete for MTOP9-BT-972-AAVS1_S9_L001_R1_001.fastq.gz
Approx 30% complete for MTOP9-BT-972-AAVS1_S9_L001_R1_001.fastq.gz
Approx 35% complete for MTOP9-BT-972-AAVS1_S9_L001_R1_001.fastq.gz
Approx 40% complete for MTOP9-BT-972-AAVS1_S9_L001_R1_001.fastq.gz
Approx 45% complete for MTOP9-BT-972-AAVS1_S9_L001_R1_001.fastq.gz
Approx 50% complete for MTOP9-BT-972-AAVS1_S9_L001_R1_001.fastq.gz
Approx 55% complete for MTOP9-BT-972-AAVS1_S9_L001_R1_001.fastq.gz
Approx 60% complete for MTOP9-BT-972-AAVS1_S9_L001_R1_001.fastq.gz
Approx 65% complete for MTOP9-BT-972-AAVS1_S9_L001_R1_001.fastq.gz
Approx 70% complete for MTOP9-BT-972-AAVS1_S9_L001_R1_001.fastq.gz
Approx 75% complete for MTOP9-BT-972-AAVS1_S9_L001_R1_001.fastq.gz
Approx 80% complete for MTOP9-BT-972-AAVS1_S9_L001_R1_001.fastq.gz
Approx 85% complete for MTOP9-BT-972-AAVS1_S9_L001_R1_001.fastq.gz
Approx 90% complete for MTOP9-BT-972-AAVS1_S9_L001_R1_001.fastq.gz
Approx 95% complete for MTOP9-BT-972-AAVS1_S9_L001_R1_001.fastq.gz
Analysis complete for MTOP9-BT-972-AAVS1_S9_L001_R1_001.fastq.gz
Started analysis of MTOP9-BT-972-AAVS1_S9_L001_R2_001.fastq.gz
Approx 5% complete for MTOP9-BT-972-AAVS1_S9_L001_R2_001.fastq.gz
Approx 10% complete for MTOP9-BT-972-AAVS1_S9_L001_R2_001.fastq.gz
Approx 15% complete for MTOP9-BT-972-AAVS1_S9_L001_R2_001.fastq.gz
Approx 20% complete for MTOP9-BT-972-AAVS1_S9_L001_R2_001.fastq.gz
Approx 25% complete for MTOP9-BT-972-AAVS1_S9_L001_R2_001.fastq.gz
Approx 30% complete for MTOP9-BT-972-AAVS1_S9_L001_R2_001.fastq.gz
Approx 35% complete for MTOP9-BT-972-AAVS1_S9_L001_R2_001.fastq.gz
Approx 40% complete for MTOP9-BT-972-AAVS1_S9_L001_R2_001.fastq.gz
Approx 45% complete for MTOP9-BT-972-AAVS1_S9_L001_R2_001.fastq.gz
Approx 50% complete for MTOP9-BT-972-AAVS1_S9_L001_R2_001.fastq.gz
Approx 55% complete for MTOP9-BT-972-AAVS1_S9_L001_R2_001.fastq.gz
Approx 60% complete for MTOP9-BT-972-AAVS1_S9_L001_R2_001.fastq.gz
Approx 65% complete for MTOP9-BT-972-AAVS1_S9_L001_R2_001.fastq.gz
Approx 70% complete for MTOP9-BT-972-AAVS1_S9_L001_R2_001.fastq.gz
Approx 75% complete for MTOP9-BT-972-AAVS1_S9_L001_R2_001.fastq.gz
Approx 80% complete for MTOP9-BT-972-AAVS1_S9_L001_R2_001.fastq.gz
Approx 85% complete for MTOP9-BT-972-AAVS1_S9_L001_R2_001.fastq.gz
Approx 90% complete for MTOP9-BT-972-AAVS1_S9_L001_R2_001.fastq.gz
Approx 95% complete for MTOP9-BT-972-AAVS1_S9_L001_R2_001.fastq.gz
Analysis complete for MTOP9-BT-972-AAVS1_S9_L001_R2_001.fastq.gz
Started analysis of SS1-KO-1_S25_L001_R1_001.fastq.gz
Approx 5% complete for SS1-KO-1_S25_L001_R1_001.fastq.gz
Approx 10% complete for SS1-KO-1_S25_L001_R1_001.fastq.gz
Approx 15% complete for SS1-KO-1_S25_L001_R1_001.fastq.gz
Approx 20% complete for SS1-KO-1_S25_L001_R1_001.fastq.gz
Approx 25% complete for SS1-KO-1_S25_L001_R1_001.fastq.gz
Approx 30% complete for SS1-KO-1_S25_L001_R1_001.fastq.gz
Approx 35% complete for SS1-KO-1_S25_L001_R1_001.fastq.gz
Approx 40% complete for SS1-KO-1_S25_L001_R1_001.fastq.gz
Approx 45% complete for SS1-KO-1_S25_L001_R1_001.fastq.gz
Approx 50% complete for SS1-KO-1_S25_L001_R1_001.fastq.gz
Approx 55% complete for SS1-KO-1_S25_L001_R1_001.fastq.gz
Approx 60% complete for SS1-KO-1_S25_L001_R1_001.fastq.gz
Approx 65% complete for SS1-KO-1_S25_L001_R1_001.fastq.gz
Approx 70% complete for SS1-KO-1_S25_L001_R1_001.fastq.gz
Approx 75% complete for SS1-KO-1_S25_L001_R1_001.fastq.gz
Approx 80% complete for SS1-KO-1_S25_L001_R1_001.fastq.gz
Approx 85% complete for SS1-KO-1_S25_L001_R1_001.fastq.gz
Approx 90% complete for SS1-KO-1_S25_L001_R1_001.fastq.gz
Approx 95% complete for SS1-KO-1_S25_L001_R1_001.fastq.gz
Analysis complete for SS1-KO-1_S25_L001_R1_001.fastq.gz
Started analysis of SS1-KO-1_S25_L001_R2_001.fastq.gz
Approx 5% complete for SS1-KO-1_S25_L001_R2_001.fastq.gz
Approx 10% complete for SS1-KO-1_S25_L001_R2_001.fastq.gz
Approx 15% complete for SS1-KO-1_S25_L001_R2_001.fastq.gz
Approx 20% complete for SS1-KO-1_S25_L001_R2_001.fastq.gz
Approx 25% complete for SS1-KO-1_S25_L001_R2_001.fastq.gz
Approx 30% complete for SS1-KO-1_S25_L001_R2_001.fastq.gz
Approx 35% complete for SS1-KO-1_S25_L001_R2_001.fastq.gz
Approx 40% complete for SS1-KO-1_S25_L001_R2_001.fastq.gz
Approx 45% complete for SS1-KO-1_S25_L001_R2_001.fastq.gz
Approx 50% complete for SS1-KO-1_S25_L001_R2_001.fastq.gz
Approx 55% complete for SS1-KO-1_S25_L001_R2_001.fastq.gz
Approx 60% complete for SS1-KO-1_S25_L001_R2_001.fastq.gz
Approx 65% complete for SS1-KO-1_S25_L001_R2_001.fastq.gz
Approx 70% complete for SS1-KO-1_S25_L001_R2_001.fastq.gz
Approx 75% complete for SS1-KO-1_S25_L001_R2_001.fastq.gz
Approx 80% complete for SS1-KO-1_S25_L001_R2_001.fastq.gz
Approx 85% complete for SS1-KO-1_S25_L001_R2_001.fastq.gz
Approx 90% complete for SS1-KO-1_S25_L001_R2_001.fastq.gz
Approx 95% complete for SS1-KO-1_S25_L001_R2_001.fastq.gz
Analysis complete for SS1-KO-1_S25_L001_R2_001.fastq.gz
Started analysis of SS2-KO-2_S26_L001_R1_001.fastq.gz
Approx 5% complete for SS2-KO-2_S26_L001_R1_001.fastq.gz
Approx 10% complete for SS2-KO-2_S26_L001_R1_001.fastq.gz
Approx 15% complete for SS2-KO-2_S26_L001_R1_001.fastq.gz
Approx 20% complete for SS2-KO-2_S26_L001_R1_001.fastq.gz
Approx 25% complete for SS2-KO-2_S26_L001_R1_001.fastq.gz
Approx 30% complete for SS2-KO-2_S26_L001_R1_001.fastq.gz
Approx 35% complete for SS2-KO-2_S26_L001_R1_001.fastq.gz
Approx 40% complete for SS2-KO-2_S26_L001_R1_001.fastq.gz
Approx 45% complete for SS2-KO-2_S26_L001_R1_001.fastq.gz
Approx 50% complete for SS2-KO-2_S26_L001_R1_001.fastq.gz
Approx 55% complete for SS2-KO-2_S26_L001_R1_001.fastq.gz
Approx 60% complete for SS2-KO-2_S26_L001_R1_001.fastq.gz
Approx 65% complete for SS2-KO-2_S26_L001_R1_001.fastq.gz
Approx 70% complete for SS2-KO-2_S26_L001_R1_001.fastq.gz
Approx 75% complete for SS2-KO-2_S26_L001_R1_001.fastq.gz
Approx 80% complete for SS2-KO-2_S26_L001_R1_001.fastq.gz
Approx 85% complete for SS2-KO-2_S26_L001_R1_001.fastq.gz
Approx 90% complete for SS2-KO-2_S26_L001_R1_001.fastq.gz
Approx 95% complete for SS2-KO-2_S26_L001_R1_001.fastq.gz
Analysis complete for SS2-KO-2_S26_L001_R1_001.fastq.gz
Started analysis of SS2-KO-2_S26_L001_R2_001.fastq.gz
Approx 5% complete for SS2-KO-2_S26_L001_R2_001.fastq.gz
Approx 10% complete for SS2-KO-2_S26_L001_R2_001.fastq.gz
Approx 15% complete for SS2-KO-2_S26_L001_R2_001.fastq.gz
Approx 20% complete for SS2-KO-2_S26_L001_R2_001.fastq.gz
Approx 25% complete for SS2-KO-2_S26_L001_R2_001.fastq.gz
Approx 30% complete for SS2-KO-2_S26_L001_R2_001.fastq.gz
Approx 35% complete for SS2-KO-2_S26_L001_R2_001.fastq.gz
Approx 40% complete for SS2-KO-2_S26_L001_R2_001.fastq.gz
Approx 45% complete for SS2-KO-2_S26_L001_R2_001.fastq.gz
Approx 50% complete for SS2-KO-2_S26_L001_R2_001.fastq.gz
Approx 55% complete for SS2-KO-2_S26_L001_R2_001.fastq.gz
Approx 60% complete for SS2-KO-2_S26_L001_R2_001.fastq.gz
Approx 65% complete for SS2-KO-2_S26_L001_R2_001.fastq.gz
Approx 70% complete for SS2-KO-2_S26_L001_R2_001.fastq.gz
Approx 75% complete for SS2-KO-2_S26_L001_R2_001.fastq.gz
Approx 80% complete for SS2-KO-2_S26_L001_R2_001.fastq.gz
Approx 85% complete for SS2-KO-2_S26_L001_R2_001.fastq.gz
Approx 90% complete for SS2-KO-2_S26_L001_R2_001.fastq.gz
Approx 95% complete for SS2-KO-2_S26_L001_R2_001.fastq.gz
Analysis complete for SS2-KO-2_S26_L001_R2_001.fastq.gz
Started analysis of SS3-KO-3_S27_L001_R1_001.fastq.gz
Approx 5% complete for SS3-KO-3_S27_L001_R1_001.fastq.gz
Approx 10% complete for SS3-KO-3_S27_L001_R1_001.fastq.gz
Approx 15% complete for SS3-KO-3_S27_L001_R1_001.fastq.gz
Approx 20% complete for SS3-KO-3_S27_L001_R1_001.fastq.gz
Approx 25% complete for SS3-KO-3_S27_L001_R1_001.fastq.gz
Approx 30% complete for SS3-KO-3_S27_L001_R1_001.fastq.gz
Approx 35% complete for SS3-KO-3_S27_L001_R1_001.fastq.gz
Approx 40% complete for SS3-KO-3_S27_L001_R1_001.fastq.gz
Approx 45% complete for SS3-KO-3_S27_L001_R1_001.fastq.gz
Approx 50% complete for SS3-KO-3_S27_L001_R1_001.fastq.gz
Approx 55% complete for SS3-KO-3_S27_L001_R1_001.fastq.gz
Approx 60% complete for SS3-KO-3_S27_L001_R1_001.fastq.gz
Approx 65% complete for SS3-KO-3_S27_L001_R1_001.fastq.gz
Approx 70% complete for SS3-KO-3_S27_L001_R1_001.fastq.gz
Approx 75% complete for SS3-KO-3_S27_L001_R1_001.fastq.gz
Approx 80% complete for SS3-KO-3_S27_L001_R1_001.fastq.gz
Approx 85% complete for SS3-KO-3_S27_L001_R1_001.fastq.gz
Approx 90% complete for SS3-KO-3_S27_L001_R1_001.fastq.gz
Approx 95% complete for SS3-KO-3_S27_L001_R1_001.fastq.gz
Analysis complete for SS3-KO-3_S27_L001_R1_001.fastq.gz
Started analysis of SS3-KO-3_S27_L001_R2_001.fastq.gz
Approx 5% complete for SS3-KO-3_S27_L001_R2_001.fastq.gz
Approx 10% complete for SS3-KO-3_S27_L001_R2_001.fastq.gz
Approx 15% complete for SS3-KO-3_S27_L001_R2_001.fastq.gz
Approx 20% complete for SS3-KO-3_S27_L001_R2_001.fastq.gz
Approx 25% complete for SS3-KO-3_S27_L001_R2_001.fastq.gz
Approx 30% complete for SS3-KO-3_S27_L001_R2_001.fastq.gz
Approx 35% complete for SS3-KO-3_S27_L001_R2_001.fastq.gz
Approx 40% complete for SS3-KO-3_S27_L001_R2_001.fastq.gz
Approx 45% complete for SS3-KO-3_S27_L001_R2_001.fastq.gz
Approx 50% complete for SS3-KO-3_S27_L001_R2_001.fastq.gz
Approx 55% complete for SS3-KO-3_S27_L001_R2_001.fastq.gz
Approx 60% complete for SS3-KO-3_S27_L001_R2_001.fastq.gz
Approx 65% complete for SS3-KO-3_S27_L001_R2_001.fastq.gz
Approx 70% complete for SS3-KO-3_S27_L001_R2_001.fastq.gz
Approx 75% complete for SS3-KO-3_S27_L001_R2_001.fastq.gz
Approx 80% complete for SS3-KO-3_S27_L001_R2_001.fastq.gz
Approx 85% complete for SS3-KO-3_S27_L001_R2_001.fastq.gz
Approx 90% complete for SS3-KO-3_S27_L001_R2_001.fastq.gz
Approx 95% complete for SS3-KO-3_S27_L001_R2_001.fastq.gz
Analysis complete for SS3-KO-3_S27_L001_R2_001.fastq.gz
Started analysis of SS4-AAVS1-1_S28_L001_R1_001.fastq.gz
Approx 5% complete for SS4-AAVS1-1_S28_L001_R1_001.fastq.gz
Approx 10% complete for SS4-AAVS1-1_S28_L001_R1_001.fastq.gz
Approx 15% complete for SS4-AAVS1-1_S28_L001_R1_001.fastq.gz
Approx 20% complete for SS4-AAVS1-1_S28_L001_R1_001.fastq.gz
Approx 25% complete for SS4-AAVS1-1_S28_L001_R1_001.fastq.gz
Approx 30% complete for SS4-AAVS1-1_S28_L001_R1_001.fastq.gz
Approx 35% complete for SS4-AAVS1-1_S28_L001_R1_001.fastq.gz
Approx 40% complete for SS4-AAVS1-1_S28_L001_R1_001.fastq.gz
Approx 45% complete for SS4-AAVS1-1_S28_L001_R1_001.fastq.gz
Approx 50% complete for SS4-AAVS1-1_S28_L001_R1_001.fastq.gz
Approx 55% complete for SS4-AAVS1-1_S28_L001_R1_001.fastq.gz
Approx 60% complete for SS4-AAVS1-1_S28_L001_R1_001.fastq.gz
Approx 65% complete for SS4-AAVS1-1_S28_L001_R1_001.fastq.gz
Approx 70% complete for SS4-AAVS1-1_S28_L001_R1_001.fastq.gz
Approx 75% complete for SS4-AAVS1-1_S28_L001_R1_001.fastq.gz
Approx 80% complete for SS4-AAVS1-1_S28_L001_R1_001.fastq.gz
Approx 85% complete for SS4-AAVS1-1_S28_L001_R1_001.fastq.gz
Approx 90% complete for SS4-AAVS1-1_S28_L001_R1_001.fastq.gz
Approx 95% complete for SS4-AAVS1-1_S28_L001_R1_001.fastq.gz
Analysis complete for SS4-AAVS1-1_S28_L001_R1_001.fastq.gz
Started analysis of SS4-AAVS1-1_S28_L001_R2_001.fastq.gz
Approx 5% complete for SS4-AAVS1-1_S28_L001_R2_001.fastq.gz
Approx 10% complete for SS4-AAVS1-1_S28_L001_R2_001.fastq.gz
Approx 15% complete for SS4-AAVS1-1_S28_L001_R2_001.fastq.gz
Approx 20% complete for SS4-AAVS1-1_S28_L001_R2_001.fastq.gz
Approx 25% complete for SS4-AAVS1-1_S28_L001_R2_001.fastq.gz
Approx 30% complete for SS4-AAVS1-1_S28_L001_R2_001.fastq.gz
Approx 35% complete for SS4-AAVS1-1_S28_L001_R2_001.fastq.gz
Approx 40% complete for SS4-AAVS1-1_S28_L001_R2_001.fastq.gz
Approx 45% complete for SS4-AAVS1-1_S28_L001_R2_001.fastq.gz
Approx 50% complete for SS4-AAVS1-1_S28_L001_R2_001.fastq.gz
Approx 55% complete for SS4-AAVS1-1_S28_L001_R2_001.fastq.gz
Approx 60% complete for SS4-AAVS1-1_S28_L001_R2_001.fastq.gz
Approx 65% complete for SS4-AAVS1-1_S28_L001_R2_001.fastq.gz
Approx 70% complete for SS4-AAVS1-1_S28_L001_R2_001.fastq.gz
Approx 75% complete for SS4-AAVS1-1_S28_L001_R2_001.fastq.gz
Approx 80% complete for SS4-AAVS1-1_S28_L001_R2_001.fastq.gz
Approx 85% complete for SS4-AAVS1-1_S28_L001_R2_001.fastq.gz
Approx 90% complete for SS4-AAVS1-1_S28_L001_R2_001.fastq.gz
Approx 95% complete for SS4-AAVS1-1_S28_L001_R2_001.fastq.gz
Analysis complete for SS4-AAVS1-1_S28_L001_R2_001.fastq.gz
Started analysis of SS5-AAVS1-2_S29_L001_R1_001.fastq.gz
Approx 5% complete for SS5-AAVS1-2_S29_L001_R1_001.fastq.gz
Approx 10% complete for SS5-AAVS1-2_S29_L001_R1_001.fastq.gz
Approx 15% complete for SS5-AAVS1-2_S29_L001_R1_001.fastq.gz
Approx 20% complete for SS5-AAVS1-2_S29_L001_R1_001.fastq.gz
Approx 25% complete for SS5-AAVS1-2_S29_L001_R1_001.fastq.gz
Approx 30% complete for SS5-AAVS1-2_S29_L001_R1_001.fastq.gz
Approx 35% complete for SS5-AAVS1-2_S29_L001_R1_001.fastq.gz
Approx 40% complete for SS5-AAVS1-2_S29_L001_R1_001.fastq.gz
Approx 45% complete for SS5-AAVS1-2_S29_L001_R1_001.fastq.gz
Approx 50% complete for SS5-AAVS1-2_S29_L001_R1_001.fastq.gz
Approx 55% complete for SS5-AAVS1-2_S29_L001_R1_001.fastq.gz
Approx 60% complete for SS5-AAVS1-2_S29_L001_R1_001.fastq.gz
Approx 65% complete for SS5-AAVS1-2_S29_L001_R1_001.fastq.gz
Approx 70% complete for SS5-AAVS1-2_S29_L001_R1_001.fastq.gz
Approx 75% complete for SS5-AAVS1-2_S29_L001_R1_001.fastq.gz
Approx 80% complete for SS5-AAVS1-2_S29_L001_R1_001.fastq.gz
Approx 85% complete for SS5-AAVS1-2_S29_L001_R1_001.fastq.gz
Approx 90% complete for SS5-AAVS1-2_S29_L001_R1_001.fastq.gz
Approx 95% complete for SS5-AAVS1-2_S29_L001_R1_001.fastq.gz
Analysis complete for SS5-AAVS1-2_S29_L001_R1_001.fastq.gz
Started analysis of SS5-AAVS1-2_S29_L001_R2_001.fastq.gz
Approx 5% complete for SS5-AAVS1-2_S29_L001_R2_001.fastq.gz
Approx 10% complete for SS5-AAVS1-2_S29_L001_R2_001.fastq.gz
Approx 15% complete for SS5-AAVS1-2_S29_L001_R2_001.fastq.gz
Approx 20% complete for SS5-AAVS1-2_S29_L001_R2_001.fastq.gz
Approx 25% complete for SS5-AAVS1-2_S29_L001_R2_001.fastq.gz
Approx 30% complete for SS5-AAVS1-2_S29_L001_R2_001.fastq.gz
Approx 35% complete for SS5-AAVS1-2_S29_L001_R2_001.fastq.gz
Approx 40% complete for SS5-AAVS1-2_S29_L001_R2_001.fastq.gz
Approx 45% complete for SS5-AAVS1-2_S29_L001_R2_001.fastq.gz
Approx 50% complete for SS5-AAVS1-2_S29_L001_R2_001.fastq.gz
Approx 55% complete for SS5-AAVS1-2_S29_L001_R2_001.fastq.gz
Approx 60% complete for SS5-AAVS1-2_S29_L001_R2_001.fastq.gz
Approx 65% complete for SS5-AAVS1-2_S29_L001_R2_001.fastq.gz
Approx 70% complete for SS5-AAVS1-2_S29_L001_R2_001.fastq.gz
Approx 75% complete for SS5-AAVS1-2_S29_L001_R2_001.fastq.gz
Approx 80% complete for SS5-AAVS1-2_S29_L001_R2_001.fastq.gz
Approx 85% complete for SS5-AAVS1-2_S29_L001_R2_001.fastq.gz
Approx 90% complete for SS5-AAVS1-2_S29_L001_R2_001.fastq.gz
Approx 95% complete for SS5-AAVS1-2_S29_L001_R2_001.fastq.gz
Analysis complete for SS5-AAVS1-2_S29_L001_R2_001.fastq.gz
Started analysis of SS6-AAVS1-3_S30_L001_R1_001.fastq.gz
Approx 5% complete for SS6-AAVS1-3_S30_L001_R1_001.fastq.gz
Approx 10% complete for SS6-AAVS1-3_S30_L001_R1_001.fastq.gz
Approx 15% complete for SS6-AAVS1-3_S30_L001_R1_001.fastq.gz
Approx 20% complete for SS6-AAVS1-3_S30_L001_R1_001.fastq.gz
Approx 25% complete for SS6-AAVS1-3_S30_L001_R1_001.fastq.gz
Approx 30% complete for SS6-AAVS1-3_S30_L001_R1_001.fastq.gz
Approx 35% complete for SS6-AAVS1-3_S30_L001_R1_001.fastq.gz
Approx 40% complete for SS6-AAVS1-3_S30_L001_R1_001.fastq.gz
Approx 45% complete for SS6-AAVS1-3_S30_L001_R1_001.fastq.gz
Approx 50% complete for SS6-AAVS1-3_S30_L001_R1_001.fastq.gz
Approx 55% complete for SS6-AAVS1-3_S30_L001_R1_001.fastq.gz
Approx 60% complete for SS6-AAVS1-3_S30_L001_R1_001.fastq.gz
Approx 65% complete for SS6-AAVS1-3_S30_L001_R1_001.fastq.gz
Approx 70% complete for SS6-AAVS1-3_S30_L001_R1_001.fastq.gz
Approx 75% complete for SS6-AAVS1-3_S30_L001_R1_001.fastq.gz
Approx 80% complete for SS6-AAVS1-3_S30_L001_R1_001.fastq.gz
Approx 85% complete for SS6-AAVS1-3_S30_L001_R1_001.fastq.gz
Approx 90% complete for SS6-AAVS1-3_S30_L001_R1_001.fastq.gz
Approx 95% complete for SS6-AAVS1-3_S30_L001_R1_001.fastq.gz
Analysis complete for SS6-AAVS1-3_S30_L001_R1_001.fastq.gz
Started analysis of SS6-AAVS1-3_S30_L001_R2_001.fastq.gz
Approx 5% complete for SS6-AAVS1-3_S30_L001_R2_001.fastq.gz
Approx 10% complete for SS6-AAVS1-3_S30_L001_R2_001.fastq.gz
Approx 15% complete for SS6-AAVS1-3_S30_L001_R2_001.fastq.gz
Approx 20% complete for SS6-AAVS1-3_S30_L001_R2_001.fastq.gz
Approx 25% complete for SS6-AAVS1-3_S30_L001_R2_001.fastq.gz
Approx 30% complete for SS6-AAVS1-3_S30_L001_R2_001.fastq.gz
Approx 35% complete for SS6-AAVS1-3_S30_L001_R2_001.fastq.gz
Approx 40% complete for SS6-AAVS1-3_S30_L001_R2_001.fastq.gz
Approx 45% complete for SS6-AAVS1-3_S30_L001_R2_001.fastq.gz
Approx 50% complete for SS6-AAVS1-3_S30_L001_R2_001.fastq.gz
Approx 55% complete for SS6-AAVS1-3_S30_L001_R2_001.fastq.gz
Approx 60% complete for SS6-AAVS1-3_S30_L001_R2_001.fastq.gz
Approx 65% complete for SS6-AAVS1-3_S30_L001_R2_001.fastq.gz
Approx 70% complete for SS6-AAVS1-3_S30_L001_R2_001.fastq.gz
Approx 75% complete for SS6-AAVS1-3_S30_L001_R2_001.fastq.gz
Approx 80% complete for SS6-AAVS1-3_S30_L001_R2_001.fastq.gz
Approx 85% complete for SS6-AAVS1-3_S30_L001_R2_001.fastq.gz
Approx 90% complete for SS6-AAVS1-3_S30_L001_R2_001.fastq.gz
Approx 95% complete for SS6-AAVS1-3_S30_L001_R2_001.fastq.gz
Analysis complete for SS6-AAVS1-3_S30_L001_R2_001.fastq.gz
